   Compiling veyra-core v0.1.0 (/Users/lifeilin/wx_lifeilin/github.com/lifei6671/veyra/crates/veyra-core)
    Finished `test` profile [unoptimized + debuginfo] target(s) in 2.46s
     Running unittests src/lib.rs (target/debug/deps/veyra_core-7533e2cd193ee61e)

running 293 tests
test application::observability::tests::configuration_failure_preserves_healthy_state_and_uses_a_fixed_error_summary ... ok
test application::observability::tests::core_memory_is_latest_only_and_clears_with_lifecycle ... ok
test application::observability::tests::failed_start_or_cleanup_clears_stale_traffic_and_records_actual_lifecycle ... ok
test application::observability::tests::healthy_configuration_failure_preserves_history_but_core_changes_clear_it ... ok
test application::observability::tests::hidden_window_keeps_history_in_owner_and_latest_delta_carries_whole_window ... ok
test application::observability::tests::installed_delta_sink_receives_each_new_delta_without_persisting_history ... ok
test application::observability::tests::log_summary_omits_fixture_secrets_and_raw_endpoint_details ... ok
test application::observability::tests::managed_bridge_failure_is_only_a_closed_recovery_state ... ok
test application::observability::tests::managed_bridge_summary_updates_only_the_existing_safe_observation_fields ... ok
test application::observability::tests::managed_stop_clears_previous_safe_runtime_summaries ... ok
test application::observability::tests::mock_default_is_honest_about_missing_real_observation_source ... ok
test application::observability::tests::no_subscription_means_no_delta_backlog_but_snapshot_remains_current ... ok
test application::observability::tests::only_managed_traffic_samples_append_and_updates_also_expire_history ... ok
test application::observability::tests::restored_window_reads_current_snapshot_without_replaying_hidden_deltas ... ok
test application::observability::tests::revisions_are_monotonic_across_runtime_traffic_and_connection_updates ... ok
test application::observability::tests::same_millisecond_replaces_last_point_and_zero_rates_are_valid ... ok
test application::observability::tests::snapshot_expires_history_without_revision_event_or_new_sample ... ok
test application::observability::tests::subscription_keeps_only_latest_delta_and_drop_cancels_delivery ... ok
test application::observability::tests::switch_identity_rejects_late_old_results_and_ready_tracks_actual_lifecycle ... ok
test application::observability::tests::traffic_history_is_bounded_and_uses_successful_publication_times ... ok
test application::observability::tests::traffic_totals_accumulate_without_connection_history ... ok
test application::provider_replacement::tests::only_exchanges_memory_after_a_successful_save ... ok
test application::provider_replacement::tests::preserves_old_nodes_for_normalization_or_candidate_validation_failures ... ok
test application::provider_replacement::tests::preserves_old_nodes_for_skipped_or_unsaved_batches ... ok
test application::provider_replacement::tests::serializes_concurrent_provider_replacements ... ok
test application::runtime::tests::activation_waits_for_ready_before_applying_loopback_proxy ... ok
test application::runtime::tests::active_bridge_failure_maps_to_closed_recovery_without_raw_error ... ok
test application::runtime::tests::concurrent_mode_changes_cannot_interleave_proxy_and_sidecar_operations ... ok
test application::runtime::tests::proxy_apply_compensation_stop_failure_requires_recovery ... ok
test application::runtime::tests::proxy_apply_failure_stops_the_ready_sidecar ... ok
test application::runtime::tests::reconfiguration_replaces_sidecar_without_reapplying_system_proxy ... ok
test application::runtime::tests::refresh_reads_only_the_active_sidecars_fixed_safe_summary ... ok
test application::runtime::tests::rejected_default_preserves_active_configuration_without_port_calls ... ok
test application::runtime::tests::restore_failure_keeps_sidecar_running_and_mode_stable ... ok
test application::runtime::tests::sidecar_failure_leaves_system_proxy_untouched ... ok
test application::runtime::tests::user_proxy_change_is_preserved_before_stopping_sidecar ... ok
test application::selected_subscription::tests::custom_filter_does_not_import_unmatched_siblings ... ok
test application::selected_subscription::tests::direct_and_block_remain_valid_default_targets ... ok
test application::selected_subscription::tests::disabled_custom_pool_does_not_expand_the_active_projection ... ok
test application::selected_subscription::tests::enabled_custom_pool_adds_only_its_exact_cross_subscription_members ... ok
test application::selected_subscription::tests::route_can_target_an_enabled_cross_subscription_custom_pool ... ok
test application::selected_subscription::tests::unconfigured_default_projects_only_the_selected_subscription ... ok
test application::state_access::tests::a_second_state_access_fails_fast_instead_of_waiting ... ok
test application::state_service::behavior_tests::diagnostics_ipv6_and_profile_ipv6_are_independent_in_both_directions ... ok
test application::state_service::behavior_tests::notification_delivers_committed_typed_value_and_noop_is_silent ... ok
test application::state_service::behavior_tests::save_reload_versions_noop_and_stale_cas ... ok
test application::state_service::behavior_tests::visual_and_behavior_interleaving_never_overwrites_other_family ... ok
test application::state_service::tests::append_preserves_epoch_and_increments_config_only ... ok
test application::state_service::tests::arrays_replace_including_empty_arrays_without_merging_old_entries ... ok
test application::state_service::tests::backup_replace_failure_leaves_current_valid_snapshot ... ok
test application::state_service::tests::busy_shared_legacy_gate_prevents_parallel_snapshot_writes ... ok
test application::state_service::tests::dangling_profile_rule_is_rejected_before_persistence ... ok
test application::state_service::tests::error_codes_messages_fields_and_details_are_stable_and_secret_free ... ok
test application::state_service::tests::exhausted_config_revision_fails_without_wrapping_or_writing ... ok
test application::state_service::tests::failed_append_is_atomic_and_leaves_no_partial_subscriptions ... ok
test application::state_service::tests::failed_profile_write_preserves_old_bytes_epoch_versions_and_facts ... ok
test application::state_service::tests::failed_replace_does_not_invalidate_existing_forms ... ok
test application::state_service::tests::failed_selection_write_preserves_confirmed_choice_and_both_versions ... ok
test application::state_service::tests::illegal_nulls_have_exact_field_paths_and_leave_candidate_untouched ... ok
test application::state_service::tests::invalid_profile_values_fail_without_saving_or_advancing_versions ... ok
test application::state_service::tests::legacy_commit_infers_selection_only_and_rejects_stale_revision ... ok
test application::state_service::tests::manifest_failure_keeps_live_version_and_previous_last_success_distinct ... ok
test application::state_service::tests::missing_fields_preserve_unedited_dns_routing_and_tun ... ok
test application::state_service::tests::nullable_fields_clear_and_nested_values_merge ... ok
test application::state_service::tests::old_forms_tasks_and_legacy_candidates_cannot_write_across_epoch ... ok
test application::state_service::tests::old_revision_and_same_number_in_different_epoch_are_both_conflicts ... ok
test application::state_service::tests::profile_saves_only_config_revision_and_returns_saved_only ... ok
test application::state_service::tests::ready_old_instance_remains_visible_after_business_replacement ... ok
test application::state_service::tests::recovering_live_instance_retains_its_applied_identity_without_claiming_ready ... ok
test application::state_service::tests::recovery_from_backup_changes_epoch_and_rejects_pre_recovery_task ... ok
test application::state_service::tests::recovery_starting_and_failed_states_do_not_inherit_history_ready ... ok
test application::state_service::tests::replace_checks_both_expected_versions_before_overwriting_choices ... ok
test application::state_service::tests::replace_discards_import_versions_and_resets_both_counters_to_zero ... ok
test application::state_service::tests::selection_and_config_expected_versions_are_independent ... ok
test application::state_service::tests::selection_changes_do_not_mark_applied_config_stale ... ok
test application::state_service::tests::stopped_with_last_success_never_reports_ready_or_applied ... ok
test application::state_service::tests::unknown_patch_fields_are_rejected_at_each_object_boundary ... ok
test application::state_service::tests::v6_migration_preserves_legacy_identity_and_persists_new_epoch_once ... ok
test application::state_service::tests::v7_visual_migration_persists_defaults_without_advancing_versions ... ok
test application::state_service::tests::visual_save_reload_conflict_noop_and_versions ... ok
test application::subscription_management::tests::active_delete_requires_stopped_authority_then_clears_selection_and_increments_generation ... ok
test application::subscription_management::tests::all_filtered_certificate_nodes_preserve_saved_state ... ok
test application::subscription_management::tests::cancelling_an_http_update_releases_the_owned_write_guard_without_attempt_commit ... ok
test application::subscription_management::tests::compatible_import_persists_warning_and_update_resets_it_atomically ... ok
test application::subscription_management::tests::compatible_parser_rejects_all_filtered_nodes ... ok
test application::subscription_management::tests::concurrent_subscription_write_is_rejected_immediately ... ok
test application::subscription_management::tests::cross_origin_redirect_validators_are_not_persisted_or_sent_to_the_source_later ... ok
test application::subscription_management::tests::delete_rejects_a_custom_pool_reference_without_partial_cleanup ... ok
test application::subscription_management::tests::edit_patch_preserves_omitted_user_agent_and_clear_removes_it_without_node_generation ... ok
test application::subscription_management::tests::edit_remote_url_fetches_only_after_an_actual_change_and_failure_keeps_the_previous_source ... ok
test application::subscription_management::tests::external_clash_providers_without_inline_proxies_have_a_distinct_closed_error ... ok
test application::subscription_management::tests::failed_attempt_save_uses_a_process_deadline_before_the_next_scheduler_retry ... ok
test application::subscription_management::tests::failed_update_preserves_nodes_time_and_persisted_bytes ... ok
test application::subscription_management::tests::first_remote_creation_loses_safely_to_a_new_state_created_during_http ... ok
test application::subscription_management::tests::identical_connections_merge_first_without_merging_distinct_settings ... ok
test application::subscription_management::tests::identity_failure_and_collision_do_not_commit_or_retry ... ok
test application::subscription_management::tests::legacy_v1_v2_v3_names_migrate_restart_and_render_without_rewriting ... ok
test application::subscription_management::tests::list_and_v3_migration_wait_behind_the_same_fail_fast_gate ... ok
test application::subscription_management::tests::managed_core_override_requires_owned_port_and_routes_only_that_update_through_it ... ok
test application::subscription_management::tests::manual_import_creates_one_atomic_identity_graph_and_reloads_it ... ok
test application::subscription_management::tests::mixed_clash_and_singbox_imports_filter_whole_nodes_and_keep_supported_parameters ... ok
test application::subscription_management::tests::new_import_names_remain_strict_even_when_legacy_names_are_display_safe ... ok
test application::subscription_management::tests::profile_interval_is_adopted_only_when_the_user_left_the_interval_empty ... ok
test application::subscription_management::tests::remote_200_commit_and_304_refresh_share_one_persisted_cache ... ok
test application::subscription_management::tests::remote_local_document_override_suppresses_validators_and_rejects_304 ... ok
test application::subscription_management::tests::remote_wait_releases_state_gate_and_reload_rejects_changed_cache ... ok
test application::subscription_management::tests::replaced_epoch_rejects_old_subscription_attempt_writeback ... ok
test application::subscription_management::tests::save_failure_keeps_the_previous_committed_state_and_time ... ok
test application::subscription_management::tests::scheduler_due_time_uses_last_attempt_and_failed_fetch_waits_a_full_period ... ok
test application::subscription_management::tests::selected_document_change_advances_generation_and_requires_apply ... ok
test application::subscription_management::tests::settings_hide_custom_user_agent_and_query_while_share_requires_explicit_read ... ok
test application::subscription_management::tests::singbox_response_shape_imports_all_remote_nodes ... ok
test application::subscription_management::tests::strict_document_save_preserves_exact_yaml_and_commits_by_revision ... ok
test application::subscription_management::tests::strict_document_save_rejects_unsupported_nodes_and_cas_conflict ... ok
test application::subscription_management::tests::system_download_uses_injected_reader_and_preserves_unavailability ... ok
test application::subscription_management::tests::update_retains_subscription_provider_and_pool_identity ... ok
test application::subscription_scheduler::tests::an_empty_due_set_finishes_without_network_or_retry ... ok
test application::subscription_scheduler::tests::shutdown_cancels_a_manual_fetch_and_waits_for_the_write_guard_and_gate ... ok
test application::subscription_scheduler::tests::shutdown_cancels_a_scheduled_fetch_without_a_late_attempt_commit ... ok
test application::subscription_scheduler::tests::shutdown_does_not_report_completion_while_a_write_or_state_gate_is_held ... ok
test domain::desktop_behavior::tests::canonical_defaults_and_round_trip ... ok
test domain::desktop_behavior::tests::closed_enums_reject_unknown ... ok
test domain::desktop_behavior::tests::numeric_bounds_and_threshold_relation ... ok
test domain::desktop_behavior::tests::partial_patch_preserves_unedited_fields ... ok
test domain::desktop_behavior::tests::sites_and_strategy_bounds_and_deduplication ... ok
test domain::desktop_behavior::tests::ui_runtime_and_group_url_roles_are_separate ... ok
test domain::desktop_behavior::tests::unsafe_urls_rejected_with_exact_field ... ok
test domain::desktop_visual::tests::defaults_match_visual_source_and_all_enum_values_round_trip ... ok
test domain::desktop_visual::tests::rejects_out_of_range_and_non_managed_references ... ok
test domain::state::tests::compatibility_options_and_skipped_count_roundtrip ... ok
test domain::state::tests::keeps_an_unconfigured_default_target_valid_but_distinct ... ok
test domain::state::tests::rejects_a_pool_filter_that_selects_another_providers_node ... ok
test domain::state::tests::rejects_an_enabled_route_to_an_inactive_pool ... ok
test domain::state::tests::rejects_duplicate_stable_ids_without_exposing_credentials ... ok
test domain::state::tests::rejects_invalid_alpn_fingerprint_and_hysteria2_rates ... ok
test domain::state::tests::rejects_invalid_filters_and_selection_policies ... ok
test domain::state::tests::rejects_invalid_pool_and_route_references ... ok
test domain::state::tests::rejects_node_with_missing_provider ... ok
test domain::state::tests::rejects_options_that_do_not_match_the_protocol ... ok
test domain::state::tests::rejects_provider_with_missing_subscription ... ok
test domain::state::tests::rejects_subscription_numeric_values_that_cannot_cross_the_ipc_contract ... ok
test domain::state::tests::resolves_a_filtered_pool_across_multiple_providers_by_stable_node_id ... ok
test domain::state::tests::subscription_document_debug_redacts_content_and_validates_source_boundary ... ok
test domain::state::tests::v5_absent_compatibility_fields_use_defaults_without_rewriting_them ... ok
test domain::state::tests::validates_a_multi_subscription_state ... ok
test domain::state::tests::validates_pool_members_and_pool_route_targets ... ok
test domain::state::tests::websocket_early_data_preserves_legacy_state_and_rejects_invalid_parameters ... ok
test singbox::clash_api::stream_test_probe::pending_probe_reports_once_and_releases_on_cancel_without_leaking_installation ... ok
test singbox::clash_api::tests::bridge_maps_each_core_window_and_preserves_rest_totals ... ok
test singbox::clash_api::tests::bridge_sample_keeps_authenticated_rest_totals_distinct_from_websocket_window ... ok
test singbox::clash_api::tests::bridge_uses_monotonic_time_only_for_stream_throttling_and_resets_for_new_child ... ok
test singbox::clash_api::tests::fixed_client_reads_only_ready_and_connection_summaries ... ok
test singbox::clash_api::tests::fixed_log_stream_maps_known_and_unknown_types_without_payload ... ok
test singbox::clash_api::tests::fixed_log_stream_treats_an_empty_stream_as_a_normal_empty_summary ... ok
test singbox::clash_api::tests::fixed_logs_accept_only_authenticated_no_content_and_reject_other_handshake_failures ... ok
test singbox::clash_api::tests::fixed_traffic_stream_reads_one_authenticated_summary_then_closes ... ok
test singbox::clash_api::tests::fixed_traffic_stream_rejects_messages_above_the_approved_limit ... ok
test singbox::clash_api::tests::invalid_api_payload_returns_a_closed_error_without_secret ... ok
test singbox::clash_api::tests::selector_put_and_get_use_the_fixed_encoded_endpoint_and_authenticated_shape ... ok
test singbox::clash_api::tests::selector_url_and_body_are_closed_and_encoded ... ok
test singbox::clash_api::tests::traffic_first_frame_timeout_releases_socket_before_fresh_authenticated_sample ... ok
test singbox::clash_api::tests::traffic_payload_rejects_negative_overflow_and_invalid_counters ... ok
test singbox::compiler::tests::all_fifteen_protocols_have_typed_final_plans_and_pool_references ... ok
test singbox::compiler::tests::compatibility_ten_node_fixture_compiles_and_optionally_exports_fixed_core_config ... ok
test singbox::compiler::tests::compiles_only_pool_direct_or_block_as_exact_final_outbound ... ok
test singbox::compiler::tests::compiles_tls_fingerprint_alpn_and_hysteria2_options_with_tamper_rejection ... ok
test singbox::compiler::tests::compiles_websocket_reality_grpc_and_https_without_losing_options ... ok
test singbox::compiler::tests::deterministic_bytes_and_stable_tags_ignore_display_names_and_input_order ... ok
test singbox::compiler::tests::dns_policy_does_not_add_persisted_state_fields ... ok
test singbox::compiler::tests::dns_probe_final_bytes_preserve_normal_dns_and_reject_boundaries ... ok
test singbox::compiler::tests::dns_probe_rejects_non_probe_intents_and_duplicate_log_fields ... ok
test singbox::compiler::tests::final_allowlist_rejects_dangerous_keys_listeners_dns_and_invalid_targets ... ok
test singbox::compiler::tests::final_parser_rejects_duplicate_or_null_fields ... ok
test singbox::compiler::tests::finalized_bytes_are_immutable_and_debug_output_redacts_all_credentials ... ok
test singbox::compiler::tests::loopback_metering_final_readback_rechecks_routes_and_active_network_features ... ok
test singbox::compiler::tests::loopback_metering_final_readback_rejects_inbound_field_escape ... ok
test singbox::compiler::tests::loopback_metering_rejects_unisolated_or_active_network_intents ... ok
test singbox::compiler::tests::loopback_metering_uses_typed_plan_and_preserves_product_empty_inbounds ... ok
test singbox::compiler::tests::multiple_wireguard_tags_are_complete_and_stably_sorted_in_both_reject_rules ... ok
test singbox::compiler::tests::preserves_protocol_fields_instead_of_silently_dropping_them ... ok
test singbox::compiler::tests::reality_requires_fixed_utls_and_preserves_final_bytes_and_redaction ... ok
test singbox::compiler::tests::rejects_duplicate_node_or_pool_tags ... ok
test singbox::compiler::tests::rejects_invalid_urltest_and_unexpressible_route_matchers ... ok
test singbox::compiler::tests::rejects_invalid_uuid_tls_protocol_combinations_and_partial_reality ... ok
test singbox::compiler::tests::rejects_invalid_wireguard_keys_prefixes_and_non_u32_mtu ... ok
test singbox::compiler::tests::rejects_snell_v3_without_silently_changing_protocol_version ... ok
test singbox::compiler::tests::rejects_unconfigured_or_missing_pool_default_and_invalid_pool_members ... ok
test singbox::compiler::tests::rejects_unknown_fields_at_every_generated_object_depth_for_all_protocols ... ok
test singbox::compiler::tests::system_dns_preserves_node_hostname_and_native_urltest_destination_identity ... ok
test singbox::compiler::tests::websocket_early_data_roundtrips_and_invalid_final_parameters_fail ... ok
test singbox::compiler::tests::wireguard_allowlist_rejects_ingress_bypass_or_system_options ... ok
test singbox::compiler::tests::wireguard_domain_final_bytes_reject_unapproved_addresses_routes_and_logging ... ok
test singbox::compiler::tests::wireguard_domain_modes_preserve_ordinary_configuration_and_reject_wrong_mode ... ok
test singbox::compiler::tests::wireguard_local_controls_preserve_normal_reject_and_final_validation ... ok
test singbox::compiler::tests::wireguard_local_positive_readback_rejects_modified_prefix_and_topology ... ok
test singbox::compiler::tests::wireguard_local_positive_rejects_unapproved_intents ... ok
test singbox::compiler::tests::wireguard_maps_one_peer_and_generates_both_ingress_reject_rules_first ... ok
test singbox::compiler::tests::wireguard_udp_final_readback_rejects_inlet_and_endpoint_escape ... ok
test singbox::compiler::tests::wireguard_udp_test_compilation_rejects_other_network_intents ... ok
test singbox::compiler::tests::wireguard_udp_test_plan_preserves_product_and_fixed_topology ... ok
test singbox::runtime::tests::active_config_view_returns_exact_ready_bytes_and_clears_on_stop ... ok
test singbox::runtime::tests::active_observation_failure_clears_owned_resources_and_reports_stopped ... ok
test singbox::runtime::tests::active_observation_identity_changes_only_after_ready_and_is_unavailable_after_stop ... ok
test singbox::runtime::tests::check_failure_keeps_active_config_and_child ... ok
test singbox::runtime::tests::failed_candidate_stop_requires_recovery_without_leaking_config ... ok
test singbox::runtime::tests::failed_old_stop_keeps_identity_blocks_sampling_and_never_runs_candidate ... ok
test singbox::runtime::tests::failed_ready_stop_keeps_candidate_identity_until_manual_stop ... ok
test singbox::runtime::tests::failed_spawn_clears_configs_without_restarting_previous ... ok
test singbox::runtime::tests::fixed_mixed_port_is_hidden_until_ready ... ok
test singbox::runtime::tests::observation_only_runtime_never_exposes_a_mixed_port ... ok
test singbox::runtime::tests::pending_cleanup_failure_is_owned_until_manual_stop ... ok
test singbox::runtime::tests::preparation_failure_preserves_the_ready_child_and_cancels_candidate ... ok
test singbox::runtime::tests::ready_candidate_replaces_active_without_retaining_previous_secret ... ok
test singbox::runtime::tests::ready_failure_stops_candidate_without_restarting_previous ... ok
test singbox::runtime::tests::starts_in_fixed_check_prepare_run_ready_order ... ok
test singbox::runtime::tests::stop_uses_only_the_current_managed_instance ... ok
test singbox::runtime::tests::unconfirmed_check_exit_preserves_owner_and_blocks_start_until_stop ... ok
test singbox::secret::tests::generated_secret_is_fixed_length_lowercase_hex ... ok
test singbox::secret::tests::rejects_non_compiler_json_without_echoing_credentials ... ok
test storage::migration::behavior_store_tests::actual_v8_store_migrates_once_without_business_edit ... ok
test storage::migration::behavior_tests::v8_to_v9_preserves_all_facts_and_load_is_stable ... ok
test storage::migration::visual_tests::v7_to_v8_preserves_identity_versions_and_config ... ok
test storage::store::tests::keeps_a_backup_before_replacing_the_current_state ... ok
test storage::store::tests::migrates_v1_once_and_keeps_the_pre_migration_snapshot ... ok
test storage::store::tests::migrates_v2_nodes_without_changing_ids_or_pool_and_route_references ... ok
test storage::store::tests::migrates_v3_subscription_fields_without_changing_existing_identity ... ok
test storage::store::tests::migrates_v4_remote_subscription_to_current_without_changing_identity_or_references ... ok
test storage::store::tests::migrates_v5_to_v6_with_unavailable_document_and_preserved_identity ... ok
test storage::store::tests::preserves_an_unmappable_v2_snapshot_even_when_a_backup_exists ... ok
test storage::store::tests::recovers_a_valid_backup_when_the_current_snapshot_is_missing ... ok
test storage::store::tests::recovers_from_a_corrupt_current_snapshot_using_a_valid_backup ... ok
test storage::store::tests::recovers_from_a_missing_schema_version_using_a_valid_backup ... ok
test storage::store::tests::rejects_an_invalid_v1_migration_candidate_without_writing_it ... ok
test storage::store::tests::rejects_an_unapproved_v0_schema_without_writing_it ... ok
test storage::store::tests::rejects_an_unsupported_schema_without_replacing_the_snapshot ... ok
test storage::store::tests::rejects_corrupt_state_when_no_valid_backup_exists ... ok
test storage::store::tests::rejects_invalid_references_before_writing ... ok
test storage::store::tests::round_trips_v2_state_with_pool_and_route ... ok
test storage::store::tests::saves_and_loads_a_complete_valid_state ... ok
test storage::store::tests::v6_round_trips_exact_subscription_document_without_debug_disclosure ... ok
test subscription::document::tests::declared_format_and_size_are_strict ... ok
test subscription::document::tests::explicit_format_canonicalizes_but_exact_parse_keeps_comments ... ok
test subscription::document::tests::strict_parse_rejects_one_unsupported_node_in_a_mixed_document ... ok
test subscription::fetch::tests::accepts_only_https_or_credential_free_literal_loopback_http ... ok
test subscription::fetch::tests::accumulated_body_limit_does_not_trust_content_length ... ok
test subscription::fetch::tests::compatibility_005_request_identifies_client_and_parses_clash_response ... ok
test subscription::fetch::tests::conditional_304_returns_no_body_and_sends_the_current_validator ... ok
test subscription::fetch::tests::content_disposition_keeps_only_a_bounded_basename ... ok
test subscription::fetch::tests::cross_origin_validators_are_neither_forwarded_nor_returned_for_the_next_update ... ok
test subscription::fetch::tests::custom_user_agent_is_sent_without_changing_the_bounded_fetch_contract ... ok
test subscription::fetch::tests::loopback_fetch_reads_a_bounded_200_body_and_typed_headers ... ok
test subscription::fetch::tests::profile_update_interval_accepts_only_whole_hours_at_or_above_one_day ... ok
test subscription::fetch::tests::redirects_are_revalidated_before_a_second_request ... ok
test subscription::fetch::tests::total_timeout_cancels_a_stalled_loopback_response ... ok
test subscription::fetch::tests::userinfo_is_typed_and_invalid_or_duplicate_numbers_are_discarded ... ok
test subscription::normalize::tests::display_name_does_not_change_the_stable_node_identity ... ok
test subscription::normalize::tests::websocket_defaults_keep_identity_material_and_new_handshakes_are_distinct ... ok
test subscription::parser::tests::compatibility_005_clash_vmess_aliases_preserve_options ... ok
test subscription::parser::tests::compatibility_005_clash_yaml_representations_and_conflicts ... ok
test subscription::parser::tests::compatibility_015_does_not_misclassify_malformed_only_tcp_nodes ... ok
test subscription::parser::tests::compatibility_015_imports_ten_and_skips_only_tcp_multiplex ... ok
test subscription::parser::tests::compatibility_015_parses_equivalent_sing_box_json_fields ... ok
test subscription::parser::tests::compatibility_015_rejects_alias_conflicts_and_bad_types ... ok
test subscription::parser::tests::compatibility_015_reports_all_valid_only_tcp_nodes_as_unsupported ... ok
test subscription::parser::tests::compatibility_021_accepts_only_default_equivalent_vless_options ... ok
test subscription::parser::tests::compatibility_021_accepts_only_true_hysteria2_udp_marker ... ok
test subscription::parser::tests::compatibility_021_filters_metadata_only_in_sing_box_outbounds ... ok
test subscription::parser::tests::compatibility_021_parses_the_anonymized_clash_empty_flow_shape ... ok
test subscription::parser::tests::compatibility_021_parses_the_anonymized_sing_box_response_shape ... ok
test subscription::parser::tests::compatibility_027_preserves_sing_box_and_clash_websocket_early_data ... ok
test subscription::parser::tests::compatibility_027_rejects_invalid_or_conflicting_early_data ... ok
test subscription::parser::tests::compatibility_027_rejects_websocket_host_values_that_cannot_be_preserved ... ok
test subscription::parser::tests::decodes_a_nested_base64_subscription ... ok
test subscription::parser::tests::decodes_one_base64_wrapped_subscription ... ok
test subscription::parser::tests::detects_json_and_extracts_supported_proxy_nodes ... ok
test subscription::parser::tests::extracts_only_clash_yaml_proxies ... ok
test subscription::parser::tests::extracts_supported_sing_box_outbounds ... ok
test subscription::parser::tests::normalizes_every_non_tor_protocol_from_sing_box_outbounds ... ok
test subscription::parser::tests::parses_a_standard_vmess_uri_with_a_fragment_name ... ok
test subscription::parser::tests::parses_clash_hyphenated_wireguard_fields ... ok
test subscription::parser::tests::parses_the_remaining_stable_non_tor_uri_schemes ... ok
test subscription::parser::tests::parses_uri_lists_and_normalizes_provider_ownership ... ok
test subscription::parser::tests::preserves_representable_sing_box_tls_and_transport_fields ... ok
test subscription::parser::tests::preserves_three_subscription_provider_relationships ... ok
test subscription::parser::tests::rejects_a_shadowsocks_node_without_a_password ... ok
test subscription::parser::tests::rejects_a_tls_value_that_cannot_be_preserved_in_the_domain_model ... ok
test subscription::parser::tests::rejects_an_unknown_uri_query_field ... ok
test subscription::parser::tests::rejects_disabled_or_malformed_nested_tls_settings ... ok
test subscription::parser::tests::rejects_legacy_vmess_and_uri_values_that_cannot_be_represented ... ok
test subscription::parser::tests::rejects_protocol_specific_fields_on_the_wrong_node ... ok
test subscription::parser::tests::rejects_unknown_json_fields_without_echoing_node_credentials ... ok
test subscription::parser::tests::rejects_uri_nodes_with_incomplete_reality_fields ... ok
test subscription::parser::tests::reports_invalid_and_unsupported_entries_without_credentials ... ok

test result: ok. 293 passed; 0 failed; 0 ignored; 0 measured; 0 filtered out; finished in 6.98s
