veyra-desktop v0.1.0 (/Users/lifeilin/wx_lifeilin/github.com/lifei6671/veyra/crates/veyra-desktop)
├── gpui-kit v0.7.0
│   ├── gpui-base v0.7.0
│   │   ├── aho-corasick v1.1.5
│   │   │   └── memchr v2.8.3
│   │   ├── anyhow v1.0.104
│   │   ├── chrono v0.4.45
│   │   │   ├── iana-time-zone v0.1.65
│   │   │   │   └── core-foundation-sys v0.8.7
│   │   │   ├── num-traits v0.2.19
│   │   │   │   └── libm v0.2.16
│   │   │   │   [build-dependencies]
│   │   │   │   └── autocfg v1.5.1
│   │   │   └── serde v1.0.229
│   │   │       ├── serde_core v1.0.229
│   │   │       └── serde_derive v1.0.229 (proc-macro)
│   │   │           ├── proc-macro2 v1.0.107
│   │   │           │   └── unicode-ident v1.0.24
│   │   │           ├── quote v1.0.47
│   │   │           │   └── proc-macro2 v1.0.107 (*)
│   │   │           └── syn v3.0.4
│   │   │               ├── proc-macro2 v1.0.107 (*)
│   │   │               ├── quote v1.0.47 (*)
│   │   │               └── unicode-ident v1.0.24
│   │   ├── data-url v0.3.2
│   │   ├── futures v0.3.34
│   │   │   ├── futures-channel v0.3.34
│   │   │   │   ├── futures-core v0.3.34
│   │   │   │   └── futures-sink v0.3.34
│   │   │   ├── futures-core v0.3.34
│   │   │   ├── futures-executor v0.3.34
│   │   │   │   ├── futures-core v0.3.34
│   │   │   │   ├── futures-task v0.3.34
│   │   │   │   └── futures-util v0.3.34
│   │   │   │       ├── futures-channel v0.3.34 (*)
│   │   │   │       ├── futures-core v0.3.34
│   │   │   │       ├── futures-io v0.3.34
│   │   │   │       ├── futures-macro v0.3.34 (proc-macro)
│   │   │   │       │   ├── proc-macro2 v1.0.107 (*)
│   │   │   │       │   ├── quote v1.0.47 (*)
│   │   │   │       │   └── syn v3.0.4 (*)
│   │   │   │       ├── futures-sink v0.3.34
│   │   │   │       ├── futures-task v0.3.34
│   │   │   │       ├── memchr v2.8.3
│   │   │   │       ├── pin-project-lite v0.2.17
│   │   │   │       └── slab v0.4.12
│   │   │   ├── futures-io v0.3.34
│   │   │   ├── futures-sink v0.3.34
│   │   │   ├── futures-task v0.3.34
│   │   │   └── futures-util v0.3.34 (*)
│   │   ├── gpui-pre v0.3.7
│   │   │   ├── accesskit v0.24.1
│   │   │   │   ├── enumn v0.1.14 (proc-macro)
│   │   │   │   │   ├── proc-macro2 v1.0.107 (*)
│   │   │   │   │   ├── quote v1.0.47 (*)
│   │   │   │   │   └── syn v2.0.119
│   │   │   │   │       ├── proc-macro2 v1.0.107 (*)
│   │   │   │   │       ├── quote v1.0.47 (*)
│   │   │   │   │       └── unicode-ident v1.0.24
│   │   │   │   └── uuid v1.26.0
│   │   │   │       ├── getrandom v0.4.3
│   │   │   │       │   ├── cfg-if v1.0.4
│   │   │   │       │   ├── libc v0.2.189
│   │   │   │       │   └── rand_core v0.10.1
│   │   │   │       ├── serde_core v1.0.229
│   │   │   │       └── sha1_smol v1.0.1
│   │   │   ├── anyhow v1.0.104
│   │   │   ├── async-channel v2.5.0
│   │   │   │   ├── concurrent-queue v2.5.0
│   │   │   │   │   └── crossbeam-utils v0.8.22
│   │   │   │   ├── event-listener-strategy v0.5.4
│   │   │   │   │   ├── event-listener v5.4.2
│   │   │   │   │   │   ├── parking v2.2.1
│   │   │   │   │   │   └── pin-project-lite v0.2.17
│   │   │   │   │   └── pin-project-lite v0.2.17
│   │   │   │   ├── futures-core v0.3.34
│   │   │   │   └── pin-project-lite v0.2.17
│   │   │   ├── async-task v4.7.1
│   │   │   ├── bitflags v2.13.1
│   │   │   ├── chrono v0.4.45 (*)
│   │   │   ├── core-video v0.5.2
│   │   │   │   ├── block v0.1.6
│   │   │   │   ├── core-foundation v0.10.1
│   │   │   │   │   ├── core-foundation-sys v0.8.7
│   │   │   │   │   └── libc v0.2.189
│   │   │   │   ├── core-graphics2 v0.5.2
│   │   │   │   │   ├── bitflags v2.13.1
│   │   │   │   │   ├── block v0.1.6
│   │   │   │   │   ├── cfg-if v1.0.4
│   │   │   │   │   ├── core-foundation v0.10.1 (*)
│   │   │   │   │   └── libc v0.2.189
│   │   │   │   ├── io-surface v0.16.1
│   │   │   │   │   ├── cgl v0.3.2
│   │   │   │   │   │   └── libc v0.2.189
│   │   │   │   │   ├── core-foundation v0.10.1 (*)
│   │   │   │   │   ├── core-foundation-sys v0.8.7
│   │   │   │   │   └── leaky-cow v0.1.1
│   │   │   │   │       └── leak v0.1.2
│   │   │   │   ├── libc v0.2.189
│   │   │   │   └── metal v0.33.0
│   │   │   │       ├── bitflags v2.13.1
│   │   │   │       ├── block v0.1.6
│   │   │   │       ├── core-graphics-types v0.2.0
│   │   │   │       │   ├── bitflags v2.13.1
│   │   │   │       │   ├── core-foundation v0.10.1 (*)
│   │   │   │       │   └── libc v0.2.189
│   │   │   │       ├── foreign-types v0.5.0
│   │   │   │       │   ├── foreign-types-macros v0.2.4 (proc-macro)
│   │   │   │       │   │   ├── proc-macro2 v1.0.107 (*)
│   │   │   │       │   │   ├── quote v1.0.47 (*)
│   │   │   │       │   │   └── syn v3.0.4 (*)
│   │   │   │       │   └── foreign-types-shared v0.3.1
│   │   │   │       ├── log v0.4.34
│   │   │   │       │   ├── serde_core v1.0.229
│   │   │   │       │   └── value-bag v1.14.1
│   │   │   │       │       └── value-bag-serde1 v1.14.1
│   │   │   │       │           ├── erased-serde v0.4.10
│   │   │   │       │           │   ├── serde_core v1.0.229
│   │   │   │       │           │   └── typeid v1.0.3
│   │   │   │       │           ├── serde_core v1.0.229
│   │   │   │       │           └── serde_fmt v1.1.0
│   │   │   │       │               └── serde_core v1.0.229
│   │   │   │       ├── objc v0.2.7
│   │   │   │       │   └── malloc_buf v0.0.6
│   │   │   │       │       └── libc v0.2.189
│   │   │   │       └── paste v1.0.15 (proc-macro)
│   │   │   ├── ctor v1.0.13
│   │   │   │   ├── link-section v0.19.3
│   │   │   │   └── linktime-proc-macro v0.2.3 (proc-macro)
│   │   │   ├── derive_more v2.1.1
│   │   │   │   └── derive_more-impl v2.1.1 (proc-macro)
│   │   │   │       ├── convert_case v0.10.0
│   │   │   │       │   └── unicode-segmentation v1.13.3
│   │   │   │       ├── proc-macro2 v1.0.107 (*)
│   │   │   │       ├── quote v1.0.47 (*)
│   │   │   │       ├── syn v2.0.119 (*)
│   │   │   │       └── unicode-xid v0.2.6
│   │   │   │       [build-dependencies]
│   │   │   │       └── rustc_version v0.4.1
│   │   │   │           └── semver v1.0.28
│   │   │   ├── etagere v0.2.15
│   │   │   │   ├── euclid v0.22.14
│   │   │   │   │   └── num-traits v0.2.19 (*)
│   │   │   │   └── svg_fmt v0.4.5
│   │   │   ├── futures v0.3.34 (*)
│   │   │   ├── futures-concurrency v7.7.1
│   │   │   │   ├── fixedbitset v0.5.7
│   │   │   │   ├── futures-core v0.3.34
│   │   │   │   ├── futures-lite v2.6.1
│   │   │   │   │   ├── fastrand v2.5.0
│   │   │   │   │   ├── futures-core v0.3.34
│   │   │   │   │   ├── futures-io v0.3.34
│   │   │   │   │   ├── parking v2.2.1
│   │   │   │   │   └── pin-project-lite v0.2.17
│   │   │   │   ├── pin-project v1.1.13
│   │   │   │   │   └── pin-project-internal v1.1.13 (proc-macro)
│   │   │   │   │       ├── proc-macro2 v1.0.107 (*)
│   │   │   │   │       ├── quote v1.0.47 (*)
│   │   │   │   │       └── syn v2.0.119 (*)
│   │   │   │   └── smallvec v1.16.0
│   │   │   ├── gpui-pre-collections v0.3.7
│   │   │   │   ├── gpui-pre-util v0.3.7
│   │   │   │   │   ├── anyhow v1.0.104
│   │   │   │   │   └── log v0.4.34 (*)
│   │   │   │   ├── indexmap v2.14.1
│   │   │   │   │   ├── equivalent v1.0.2
│   │   │   │   │   ├── hashbrown v0.17.1
│   │   │   │   │   └── serde_core v1.0.229
│   │   │   │   └── rustc-hash v2.1.3
│   │   │   ├── gpui-pre-http-client v0.3.7
│   │   │   │   ├── anyhow v1.0.104
│   │   │   │   ├── async-compression v0.4.50
│   │   │   │   │   ├── compression-codecs v0.4.45
│   │   │   │   │   │   ├── bzip2 v0.6.1
│   │   │   │   │   │   │   └── libbz2-rs-sys v0.2.5
│   │   │   │   │   │   ├── compression-core v0.4.33
│   │   │   │   │   │   ├── flate2 v1.1.10
│   │   │   │   │   │   │   ├── crc32fast v1.5.1
│   │   │   │   │   │   │   │   └── cfg-if v1.0.4
│   │   │   │   │   │   │   └── miniz_oxide v0.9.1
│   │   │   │   │   │   │       ├── adler2 v2.0.1
│   │   │   │   │   │   │       └── simd-adler32 v0.3.10
│   │   │   │   │   │   └── memchr v2.8.3
│   │   │   │   │   ├── compression-core v0.4.33
│   │   │   │   │   ├── futures-io v0.3.34
│   │   │   │   │   └── pin-project-lite v0.2.17
│   │   │   │   ├── bytes v1.12.1
│   │   │   │   ├── derive_more v2.1.1 (*)
│   │   │   │   ├── futures v0.3.34 (*)
│   │   │   │   ├── http v1.5.0
│   │   │   │   │   ├── bytes v1.12.1
│   │   │   │   │   └── itoa v1.0.18
│   │   │   │   ├── http-body v1.1.0
│   │   │   │   │   ├── bytes v1.12.1
│   │   │   │   │   └── http v1.5.0 (*)
│   │   │   │   ├── log v0.4.34 (*)
│   │   │   │   ├── parking_lot v0.12.5
│   │   │   │   │   ├── lock_api v0.4.14
│   │   │   │   │   │   └── scopeguard v1.2.0
│   │   │   │   │   └── parking_lot_core v0.9.12
│   │   │   │   │       ├── cfg-if v1.0.4
│   │   │   │   │       ├── libc v0.2.189
│   │   │   │   │       └── smallvec v1.16.0
│   │   │   │   ├── serde v1.0.229 (*)
│   │   │   │   ├── serde_json v1.0.151
│   │   │   │   │   ├── indexmap v2.14.1 (*)
│   │   │   │   │   ├── itoa v1.0.18
│   │   │   │   │   ├── memchr v2.8.3
│   │   │   │   │   ├── serde_core v1.0.229
│   │   │   │   │   └── zmij v1.0.23
│   │   │   │   ├── serde_urlencoded v0.7.1
│   │   │   │   │   ├── form_urlencoded v1.2.2
│   │   │   │   │   │   └── percent-encoding v2.3.2
│   │   │   │   │   ├── itoa v1.0.18
│   │   │   │   │   ├── ryu v1.0.23
│   │   │   │   │   └── serde v1.0.229 (*)
│   │   │   │   └── url v2.5.8
│   │   │   │       ├── form_urlencoded v1.2.2 (*)
│   │   │   │       ├── idna v1.1.0
│   │   │   │       │   ├── idna_adapter v1.2.2
│   │   │   │       │   │   ├── icu_normalizer v2.3.0
│   │   │   │       │   │   │   ├── icu_collections v2.3.0
│   │   │   │       │   │   │   │   ├── displaydoc v0.2.7 (proc-macro)
│   │   │   │       │   │   │   │   │   ├── proc-macro2 v1.0.107 (*)
│   │   │   │       │   │   │   │   │   ├── quote v1.0.47 (*)
│   │   │   │       │   │   │   │   │   └── syn v3.0.4 (*)
│   │   │   │       │   │   │   │   ├── potential_utf v0.1.6
│   │   │   │       │   │   │   │   │   └── zerovec v0.11.8
│   │   │   │       │   │   │   │   │       ├── yoke v0.8.3
│   │   │   │       │   │   │   │   │       │   ├── stable_deref_trait v1.2.1
│   │   │   │       │   │   │   │   │       │   ├── yoke-derive v0.8.2 (proc-macro)
│   │   │   │       │   │   │   │   │       │   │   ├── proc-macro2 v1.0.107 (*)
│   │   │   │       │   │   │   │   │       │   │   ├── quote v1.0.47 (*)
│   │   │   │       │   │   │   │   │       │   │   ├── syn v2.0.119 (*)
│   │   │   │       │   │   │   │   │       │   │   └── synstructure v0.13.2
│   │   │   │       │   │   │   │   │       │   │       ├── proc-macro2 v1.0.107 (*)
│   │   │   │       │   │   │   │   │       │   │       ├── quote v1.0.47 (*)
│   │   │   │       │   │   │   │   │       │   │       └── syn v2.0.119 (*)
│   │   │   │       │   │   │   │   │       │   └── zerofrom v0.1.8
│   │   │   │       │   │   │   │   │       │       └── zerofrom-derive v0.1.7 (proc-macro)
│   │   │   │       │   │   │   │   │       │           ├── proc-macro2 v1.0.107 (*)
│   │   │   │       │   │   │   │   │       │           ├── quote v1.0.47 (*)
│   │   │   │       │   │   │   │   │       │           ├── syn v2.0.119 (*)
│   │   │   │       │   │   │   │   │       │           └── synstructure v0.13.2 (*)
│   │   │   │       │   │   │   │   │       ├── zerofrom v0.1.8 (*)
│   │   │   │       │   │   │   │   │       └── zerovec-derive v0.11.6 (proc-macro)
│   │   │   │       │   │   │   │   │           ├── proc-macro2 v1.0.107 (*)
│   │   │   │       │   │   │   │   │           ├── quote v1.0.47 (*)
│   │   │   │       │   │   │   │   │           └── syn v3.0.4 (*)
│   │   │   │       │   │   │   │   ├── utf8_iter v1.0.4
│   │   │   │       │   │   │   │   ├── yoke v0.8.3 (*)
│   │   │   │       │   │   │   │   ├── zerofrom v0.1.8 (*)
│   │   │   │       │   │   │   │   └── zerovec v0.11.8 (*)
│   │   │   │       │   │   │   ├── icu_normalizer_data v2.3.0
│   │   │   │       │   │   │   ├── icu_provider v2.3.1
│   │   │   │       │   │   │   │   ├── displaydoc v0.2.7 (proc-macro) (*)
│   │   │   │       │   │   │   │   ├── icu_locale_core v2.3.0
│   │   │   │       │   │   │   │   │   ├── displaydoc v0.2.7 (proc-macro) (*)
│   │   │   │       │   │   │   │   │   ├── litemap v0.8.3
│   │   │   │       │   │   │   │   │   ├── tinystr v0.8.4
│   │   │   │       │   │   │   │   │   │   ├── displaydoc v0.2.7 (proc-macro) (*)
│   │   │   │       │   │   │   │   │   │   └── zerovec v0.11.8 (*)
│   │   │   │       │   │   │   │   │   ├── writeable v0.6.4
│   │   │   │       │   │   │   │   │   └── zerovec v0.11.8 (*)
│   │   │   │       │   │   │   │   ├── writeable v0.6.4
│   │   │   │       │   │   │   │   ├── yoke v0.8.3 (*)
│   │   │   │       │   │   │   │   ├── zerofrom v0.1.8 (*)
│   │   │   │       │   │   │   │   ├── zerotrie v0.2.5
│   │   │   │       │   │   │   │   │   ├── displaydoc v0.2.7 (proc-macro) (*)
│   │   │   │       │   │   │   │   │   ├── yoke v0.8.3 (*)
│   │   │   │       │   │   │   │   │   └── zerofrom v0.1.8 (*)
│   │   │   │       │   │   │   │   └── zerovec v0.11.8 (*)
│   │   │   │       │   │   │   ├── smallvec v1.16.0
│   │   │   │       │   │   │   └── zerovec v0.11.8 (*)
│   │   │   │       │   │   └── icu_properties v2.3.0
│   │   │   │       │   │       ├── displaydoc v0.2.7 (proc-macro) (*)
│   │   │   │       │   │       ├── icu_collections v2.3.0 (*)
│   │   │   │       │   │       ├── icu_locale_core v2.3.0 (*)
│   │   │   │       │   │       ├── icu_properties_data v2.3.0
│   │   │   │       │   │       ├── icu_provider v2.3.1 (*)
│   │   │   │       │   │       ├── zerotrie v0.2.5 (*)
│   │   │   │       │   │       └── zerovec v0.11.8 (*)
│   │   │   │       │   ├── smallvec v1.16.0
│   │   │   │       │   └── utf8_iter v1.0.4
│   │   │   │       └── percent-encoding v2.3.2
│   │   │   ├── gpui-pre-macros v0.3.7 (proc-macro)
│   │   │   │   ├── heck v0.5.0
│   │   │   │   ├── proc-macro-crate v3.5.0
│   │   │   │   │   └── toml_edit v0.25.13+spec-1.1.0
│   │   │   │   │       ├── indexmap v2.14.1 (*)
│   │   │   │   │       ├── toml_datetime v1.1.1+spec-1.1.0
│   │   │   │   │       │   └── serde_core v1.0.229
│   │   │   │   │       ├── toml_parser v1.1.3+spec-1.1.0
│   │   │   │   │       │   └── winnow v1.0.4
│   │   │   │   │       └── winnow v1.0.4
│   │   │   │   ├── proc-macro2 v1.0.107 (*)
│   │   │   │   ├── quote v1.0.47 (*)
│   │   │   │   └── syn v2.0.119 (*)
│   │   │   ├── gpui-pre-refineable v0.3.7
│   │   │   │   └── gpui-pre-derive-refineable v0.3.7 (proc-macro)
│   │   │   │       ├── proc-macro2 v1.0.107 (*)
│   │   │   │       ├── quote v1.0.47 (*)
│   │   │   │       └── syn v2.0.119 (*)
│   │   │   ├── gpui-pre-scheduler v0.3.7
│   │   │   │   ├── async-task v4.7.1
│   │   │   │   ├── backtrace v0.3.76
│   │   │   │   │   ├── addr2line v0.25.1
│   │   │   │   │   │   └── gimli v0.32.3
│   │   │   │   │   ├── cfg-if v1.0.4
│   │   │   │   │   ├── libc v0.2.189
│   │   │   │   │   ├── miniz_oxide v0.8.9
│   │   │   │   │   │   ├── adler2 v2.0.1
│   │   │   │   │   │   └── simd-adler32 v0.3.10
│   │   │   │   │   ├── object v0.37.3
│   │   │   │   │   │   └── memchr v2.8.3
│   │   │   │   │   └── rustc-demangle v0.1.28
│   │   │   │   ├── chrono v0.4.45 (*)
│   │   │   │   ├── flume v0.12.0
│   │   │   │   │   ├── fastrand v2.5.0
│   │   │   │   │   ├── futures-core v0.3.34
│   │   │   │   │   ├── futures-sink v0.3.34
│   │   │   │   │   └── spin v0.9.9
│   │   │   │   │       └── lock_api v0.4.14 (*)
│   │   │   │   ├── futures v0.3.34 (*)
│   │   │   │   ├── parking_lot v0.12.5 (*)
│   │   │   │   ├── rand v0.9.5
│   │   │   │   │   ├── rand_chacha v0.9.0
│   │   │   │   │   │   ├── ppv-lite86 v0.2.21
│   │   │   │   │   │   │   └── zerocopy v0.8.59
│   │   │   │   │   │   │       └── zerocopy-derive v0.8.59 (proc-macro)
│   │   │   │   │   │   │           ├── proc-macro2 v1.0.107 (*)
│   │   │   │   │   │   │           ├── quote v1.0.47 (*)
│   │   │   │   │   │   │           └── syn v2.0.119 (*)
│   │   │   │   │   │   └── rand_core v0.9.5
│   │   │   │   │   │       └── getrandom v0.3.4
│   │   │   │   │   │           ├── cfg-if v1.0.4
│   │   │   │   │   │           └── libc v0.2.189
│   │   │   │   │   └── rand_core v0.9.5 (*)
│   │   │   │   └── web-time v1.1.0
│   │   │   ├── gpui-pre-shared-string v0.3.7
│   │   │   │   ├── schemars v1.2.2
│   │   │   │   │   ├── dyn-clone v1.0.20
│   │   │   │   │   ├── indexmap v2.14.1 (*)
│   │   │   │   │   ├── ref-cast v1.0.27
│   │   │   │   │   │   └── ref-cast-impl v1.0.27 (proc-macro)
│   │   │   │   │   │       ├── proc-macro2 v1.0.107 (*)
│   │   │   │   │   │       ├── quote v1.0.47 (*)
│   │   │   │   │   │       └── syn v3.0.4 (*)
│   │   │   │   │   ├── schemars_derive v1.2.2 (proc-macro)
│   │   │   │   │   │   ├── proc-macro2 v1.0.107 (*)
│   │   │   │   │   │   ├── quote v1.0.47 (*)
│   │   │   │   │   │   ├── serde_derive_internals v0.30.0
│   │   │   │   │   │   │   ├── proc-macro2 v1.0.107 (*)
│   │   │   │   │   │   │   ├── quote v1.0.47 (*)
│   │   │   │   │   │   │   └── syn v3.0.4 (*)
│   │   │   │   │   │   └── syn v3.0.4 (*)
│   │   │   │   │   ├── serde v1.0.229 (*)
│   │   │   │   │   └── serde_json v1.0.151 (*)
│   │   │   │   ├── serde v1.0.229 (*)
│   │   │   │   └── smol_str v0.3.6
│   │   │   ├── gpui-pre-sum-tree v0.3.7
│   │   │   │   ├── gpui-pre-ztracing v0.3.7
│   │   │   │   │   ├── gpui-pre-zlog v0.3.7
│   │   │   │   │   │   ├── anyhow v1.0.104
│   │   │   │   │   │   ├── chrono v0.4.45 (*)
│   │   │   │   │   │   ├── gpui-pre-collections v0.3.7 (*)
│   │   │   │   │   │   └── log v0.4.34 (*)
│   │   │   │   │   ├── gpui-pre-ztracing-macro v0.3.7 (proc-macro)
│   │   │   │   │   ├── tracing v0.1.44
│   │   │   │   │   │   ├── pin-project-lite v0.2.17
│   │   │   │   │   │   ├── tracing-attributes v0.1.31 (proc-macro)
│   │   │   │   │   │   │   ├── proc-macro2 v1.0.107 (*)
│   │   │   │   │   │   │   ├── quote v1.0.47 (*)
│   │   │   │   │   │   │   └── syn v2.0.119 (*)
│   │   │   │   │   │   └── tracing-core v0.1.36
│   │   │   │   │   │       └── once_cell v1.21.4
│   │   │   │   │   └── tracing-subscriber v0.3.23
│   │   │   │   │       ├── nu-ansi-term v0.50.3
│   │   │   │   │       ├── sharded-slab v0.1.7
│   │   │   │   │       │   └── lazy_static v1.5.1
│   │   │   │   │       ├── smallvec v1.16.0
│   │   │   │   │       ├── thread_local v1.1.10
│   │   │   │   │       │   └── cfg-if v1.0.4
│   │   │   │   │       ├── tracing-core v0.1.36 (*)
│   │   │   │   │       └── tracing-log v0.2.0
│   │   │   │   │           ├── log v0.4.34 (*)
│   │   │   │   │           ├── once_cell v1.21.4
│   │   │   │   │           └── tracing-core v0.1.36 (*)
│   │   │   │   ├── heapless v0.9.3
│   │   │   │   │   ├── hash32 v0.3.1
│   │   │   │   │   │   └── byteorder v1.5.0
│   │   │   │   │   └── stable_deref_trait v1.2.1
│   │   │   │   ├── log v0.4.34 (*)
│   │   │   │   ├── rayon v1.12.0
│   │   │   │   │   ├── either v1.18.0
│   │   │   │   │   └── rayon-core v1.13.0
│   │   │   │   │       ├── crossbeam-deque v0.8.8
│   │   │   │   │       │   ├── crossbeam-epoch v0.9.21
│   │   │   │   │       │   │   └── crossbeam-utils v0.8.22
│   │   │   │   │       │   └── crossbeam-utils v0.8.22
│   │   │   │   │       └── crossbeam-utils v0.8.22
│   │   │   │   └── tracing v0.1.44 (*)
│   │   │   ├── gpui-pre-util v0.3.7 (*)
│   │   │   ├── gpui-pre-util-macros v0.3.7 (proc-macro)
│   │   │   │   ├── gpui-pre-perf v0.3.7
│   │   │   │   │   ├── gpui-pre-collections v0.3.7 (*)
│   │   │   │   │   ├── serde v1.0.229
│   │   │   │   │   │   ├── serde_core v1.0.229
│   │   │   │   │   │   └── serde_derive v1.0.229 (proc-macro) (*)
│   │   │   │   │   └── serde_json v1.0.151
│   │   │   │   │       ├── indexmap v2.14.1 (*)
│   │   │   │   │       ├── itoa v1.0.18
│   │   │   │   │       ├── memchr v2.8.3
│   │   │   │   │       ├── serde_core v1.0.229
│   │   │   │   │       └── zmij v1.0.23
│   │   │   │   ├── quote v1.0.47 (*)
│   │   │   │   └── syn v2.0.119 (*)
│   │   │   ├── heapless v0.9.3 (*)
│   │   │   ├── image v0.25.10
│   │   │   │   ├── bytemuck v1.25.2
│   │   │   │   ├── byteorder-lite v0.1.0
│   │   │   │   ├── color_quant v1.1.0
│   │   │   │   ├── exr v1.74.2
│   │   │   │   │   ├── bit_field v0.10.3
│   │   │   │   │   ├── half v2.7.1
│   │   │   │   │   │   ├── cfg-if v1.0.4
│   │   │   │   │   │   └── zerocopy v0.8.59 (*)
│   │   │   │   │   ├── lebe v0.5.3
│   │   │   │   │   ├── miniz_oxide v0.8.9 (*)
│   │   │   │   │   ├── num-complex v0.4.6
│   │   │   │   │   │   ├── bytemuck v1.25.2
│   │   │   │   │   │   └── num-traits v0.2.19 (*)
│   │   │   │   │   ├── pulp v0.22.3
│   │   │   │   │   │   ├── bytemuck v1.25.2
│   │   │   │   │   │   ├── cfg-if v1.0.4
│   │   │   │   │   │   ├── libm v0.2.16
│   │   │   │   │   │   ├── num-complex v0.4.6 (*)
│   │   │   │   │   │   ├── paste v1.0.15 (proc-macro)
│   │   │   │   │   │   ├── pulp-wasm-simd-flag v0.1.1
│   │   │   │   │   │   └── reborrow v0.5.5
│   │   │   │   │   │   [build-dependencies]
│   │   │   │   │   │   └── version_check v0.9.5
│   │   │   │   │   ├── rayon-core v1.13.0 (*)
│   │   │   │   │   ├── smallvec v1.16.0
│   │   │   │   │   └── zune-inflate v0.2.54
│   │   │   │   │       └── simd-adler32 v0.3.10
│   │   │   │   ├── gif v0.14.2
│   │   │   │   │   ├── color_quant v1.1.0
│   │   │   │   │   └── weezl v0.1.12
│   │   │   │   ├── image-webp v0.2.4
│   │   │   │   │   ├── byteorder-lite v0.1.0
│   │   │   │   │   └── quick-error v2.0.1
│   │   │   │   ├── moxcms v0.8.1
│   │   │   │   │   ├── num-traits v0.2.19 (*)
│   │   │   │   │   └── pxfm v0.1.30
│   │   │   │   ├── num-traits v0.2.19 (*)
│   │   │   │   ├── png v0.18.1
│   │   │   │   │   ├── bitflags v2.13.1
│   │   │   │   │   ├── crc32fast v1.5.1 (*)
│   │   │   │   │   ├── fdeflate v0.3.7
│   │   │   │   │   │   └── simd-adler32 v0.3.10
│   │   │   │   │   ├── flate2 v1.1.10 (*)
│   │   │   │   │   └── miniz_oxide v0.8.9 (*)
│   │   │   │   ├── qoi v0.4.1
│   │   │   │   │   └── bytemuck v1.25.2
│   │   │   │   ├── rayon v1.12.0 (*)
│   │   │   │   ├── tiff v0.11.3
│   │   │   │   │   ├── fax v0.2.7
│   │   │   │   │   ├── flate2 v1.1.10 (*)
│   │   │   │   │   ├── half v2.7.1 (*)
│   │   │   │   │   ├── quick-error v2.0.1
│   │   │   │   │   ├── weezl v0.1.12
│   │   │   │   │   └── zune-jpeg v0.5.15
│   │   │   │   │       └── zune-core v0.5.3
│   │   │   │   ├── zune-core v0.5.3
│   │   │   │   └── zune-jpeg v0.5.15 (*)
│   │   │   ├── inventory v0.3.24
│   │   │   ├── itertools v0.14.0
│   │   │   │   └── either v1.18.0
│   │   │   ├── log v0.4.34 (*)
│   │   │   ├── lyon v1.0.19
│   │   │   │   ├── lyon_algorithms v1.0.21
│   │   │   │   │   ├── lyon_path v1.0.19
│   │   │   │   │   │   ├── lyon_geom v1.0.19
│   │   │   │   │   │   │   ├── arrayvec v0.7.8
│   │   │   │   │   │   │   ├── euclid v0.22.14 (*)
│   │   │   │   │   │   │   └── num-traits v0.2.19 (*)
│   │   │   │   │   │   └── num-traits v0.2.19 (*)
│   │   │   │   │   └── num-traits v0.2.19 (*)
│   │   │   │   └── lyon_tessellation v1.0.22
│   │   │   │       ├── float_next_after v1.0.0
│   │   │   │       ├── lyon_path v1.0.19 (*)
│   │   │   │       └── num-traits v0.2.19 (*)
│   │   │   ├── num_cpus v1.17.0
│   │   │   │   └── libc v0.2.189
│   │   │   ├── objc2-core-foundation v0.3.2
│   │   │   │   ├── bitflags v2.13.1
│   │   │   │   └── objc2 v0.6.4
│   │   │   │       └── objc2-encode v4.1.0
│   │   │   ├── objc2-core-video v0.3.2
│   │   │   │   ├── bitflags v2.13.1
│   │   │   │   ├── objc2 v0.6.4 (*)
│   │   │   │   └── objc2-core-foundation v0.3.2 (*)
│   │   │   ├── parking v2.2.1
│   │   │   ├── parking_lot v0.12.5 (*)
│   │   │   ├── pin-project v1.1.13 (*)
│   │   │   ├── pollster v0.4.0
│   │   │   ├── postage v0.5.0
│   │   │   │   ├── atomic v0.5.3
│   │   │   │   ├── crossbeam-queue v0.3.14
│   │   │   │   │   └── crossbeam-utils v0.8.22
│   │   │   │   ├── futures v0.3.34 (*)
│   │   │   │   ├── log v0.4.34 (*)
│   │   │   │   ├── parking_lot v0.12.5 (*)
│   │   │   │   ├── pin-project v1.1.13 (*)
│   │   │   │   ├── pollster v0.2.5
│   │   │   │   ├── static_assertions v1.1.0
│   │   │   │   └── thiserror v1.0.69
│   │   │   │       └── thiserror-impl v1.0.69 (proc-macro)
│   │   │   │           ├── proc-macro2 v1.0.107 (*)
│   │   │   │           ├── quote v1.0.47 (*)
│   │   │   │           └── syn v2.0.119 (*)
│   │   │   ├── profiling v1.0.18
│   │   │   │   └── profiling-procmacros v1.0.18 (proc-macro)
│   │   │   │       ├── quote v1.0.47 (*)
│   │   │   │       └── syn v2.0.119 (*)
│   │   │   ├── rand v0.9.5 (*)
│   │   │   ├── raw-window-handle v0.6.2
│   │   │   ├── regex v1.13.1
│   │   │   │   ├── aho-corasick v1.1.5 (*)
│   │   │   │   ├── memchr v2.8.3
│   │   │   │   ├── regex-automata v0.4.18
│   │   │   │   │   ├── aho-corasick v1.1.5 (*)
│   │   │   │   │   ├── memchr v2.8.3
│   │   │   │   │   └── regex-syntax v0.8.11
│   │   │   │   └── regex-syntax v0.8.11
│   │   │   ├── resvg v0.46.0
│   │   │   │   ├── gif v0.14.2 (*)
│   │   │   │   ├── image-webp v0.2.4 (*)
│   │   │   │   ├── log v0.4.34 (*)
│   │   │   │   ├── pico-args v0.5.0
│   │   │   │   ├── rgb v0.8.53
│   │   │   │   │   └── bytemuck v1.25.2
│   │   │   │   ├── svgtypes v0.16.1
│   │   │   │   │   ├── kurbo v0.13.1
│   │   │   │   │   │   ├── arrayvec v0.7.8
│   │   │   │   │   │   ├── polycool v0.4.0
│   │   │   │   │   │   │   └── arrayvec v0.7.8
│   │   │   │   │   │   └── smallvec v1.16.0
│   │   │   │   │   └── siphasher v1.0.3
│   │   │   │   ├── tiny-skia v0.11.4
│   │   │   │   │   ├── arrayref v0.3.9
│   │   │   │   │   ├── arrayvec v0.7.8
│   │   │   │   │   ├── bytemuck v1.25.2
│   │   │   │   │   ├── cfg-if v1.0.4
│   │   │   │   │   ├── log v0.4.34 (*)
│   │   │   │   │   ├── png v0.17.16
│   │   │   │   │   │   ├── bitflags v1.3.2
│   │   │   │   │   │   ├── crc32fast v1.5.1 (*)
│   │   │   │   │   │   ├── fdeflate v0.3.7 (*)
│   │   │   │   │   │   ├── flate2 v1.1.10 (*)
│   │   │   │   │   │   └── miniz_oxide v0.8.9 (*)
│   │   │   │   │   └── tiny-skia-path v0.11.4
│   │   │   │   │       ├── arrayref v0.3.9
│   │   │   │   │       ├── bytemuck v1.25.2
│   │   │   │   │       └── strict-num v0.1.1
│   │   │   │   │           └── float-cmp v0.9.0
│   │   │   │   ├── usvg v0.46.0
│   │   │   │   │   ├── base64 v0.22.1
│   │   │   │   │   ├── data-url v0.3.2
│   │   │   │   │   ├── flate2 v1.1.10 (*)
│   │   │   │   │   ├── fontdb v0.23.0
│   │   │   │   │   │   ├── log v0.4.34 (*)
│   │   │   │   │   │   ├── memmap2 v0.9.11
│   │   │   │   │   │   │   └── libc v0.2.189
│   │   │   │   │   │   ├── slotmap v1.1.1
│   │   │   │   │   │   │   [build-dependencies]
│   │   │   │   │   │   │   └── version_check v0.9.5
│   │   │   │   │   │   ├── tinyvec v1.12.0
│   │   │   │   │   │   │   └── tinyvec_macros v0.1.1
│   │   │   │   │   │   └── ttf-parser v0.25.1
│   │   │   │   │   │       └── core_maths v0.1.1
│   │   │   │   │   │           └── libm v0.2.16
│   │   │   │   │   ├── imagesize v0.14.0
│   │   │   │   │   ├── kurbo v0.13.1 (*)
│   │   │   │   │   ├── log v0.4.34 (*)
│   │   │   │   │   ├── pico-args v0.5.0
│   │   │   │   │   ├── roxmltree v0.21.1
│   │   │   │   │   │   └── memchr v2.8.3
│   │   │   │   │   ├── rustybuzz v0.20.1
│   │   │   │   │   │   ├── bitflags v2.13.1
│   │   │   │   │   │   ├── bytemuck v1.25.2
│   │   │   │   │   │   ├── core_maths v0.1.1 (*)
│   │   │   │   │   │   ├── log v0.4.34 (*)
│   │   │   │   │   │   ├── smallvec v1.16.0
│   │   │   │   │   │   ├── ttf-parser v0.25.1 (*)
│   │   │   │   │   │   ├── unicode-bidi-mirroring v0.4.0
│   │   │   │   │   │   ├── unicode-ccc v0.4.0
│   │   │   │   │   │   ├── unicode-properties v0.1.4
│   │   │   │   │   │   └── unicode-script v0.5.8
│   │   │   │   │   ├── simplecss v0.2.2
│   │   │   │   │   │   └── log v0.4.34 (*)
│   │   │   │   │   ├── siphasher v1.0.3
│   │   │   │   │   ├── strict-num v0.1.1 (*)
│   │   │   │   │   ├── svgtypes v0.16.1 (*)
│   │   │   │   │   ├── tiny-skia-path v0.11.4 (*)
│   │   │   │   │   ├── unicode-bidi v0.3.18
│   │   │   │   │   ├── unicode-script v0.5.8
│   │   │   │   │   ├── unicode-vo v0.1.0
│   │   │   │   │   └── xmlwriter v0.1.0
│   │   │   │   └── zune-jpeg v0.5.15 (*)
│   │   │   ├── schemars v1.2.2 (*)
│   │   │   ├── seahash v4.1.0
│   │   │   ├── serde v1.0.229 (*)
│   │   │   ├── serde_json v1.0.151 (*)
│   │   │   ├── slotmap v1.1.1 (*)
│   │   │   ├── smallvec v1.16.0
│   │   │   ├── spin v0.10.1
│   │   │   │   └── lock_api v0.4.14 (*)
│   │   │   ├── strum v0.28.0
│   │   │   │   └── strum_macros v0.28.0 (proc-macro)
│   │   │   │       ├── heck v0.5.0
│   │   │   │       ├── proc-macro2 v1.0.107 (*)
│   │   │   │       ├── quote v1.0.47 (*)
│   │   │   │       └── syn v2.0.119 (*)
│   │   │   ├── taffy v0.13.0
│   │   │   │   ├── arrayvec v0.7.8
│   │   │   │   ├── slotmap v1.1.1 (*)
│   │   │   │   └── smallvec v1.16.0
│   │   │   ├── thiserror v2.0.20
│   │   │   │   └── thiserror-impl v2.0.20 (proc-macro)
│   │   │   │       ├── proc-macro2 v1.0.107 (*)
│   │   │   │       ├── quote v1.0.47 (*)
│   │   │   │       └── syn v3.0.4 (*)
│   │   │   ├── ttf-parser v0.25.1 (*)
│   │   │   ├── url v2.5.8 (*)
│   │   │   ├── usvg v0.46.0 (*)
│   │   │   ├── uuid v1.26.0 (*)
│   │   │   ├── waker-fn v1.2.0
│   │   │   ├── web-time v1.1.0
│   │   │   └── zed-font-kit v0.14.1-zed
│   │   │       ├── bitflags v2.13.1
│   │   │       ├── byteorder v1.5.0
│   │   │       ├── core-foundation v0.10.1 (*)
│   │   │       ├── core-graphics v0.24.0
│   │   │       │   ├── bitflags v2.13.1
│   │   │       │   ├── core-foundation v0.10.1 (*)
│   │   │       │   ├── core-graphics-types v0.2.0 (*)
│   │   │       │   ├── foreign-types v0.5.0 (*)
│   │   │       │   └── libc v0.2.189
│   │   │       ├── core-text v21.0.0
│   │   │       │   ├── core-foundation v0.10.1 (*)
│   │   │       │   ├── core-graphics v0.24.0 (*)
│   │   │       │   ├── foreign-types v0.5.0 (*)
│   │   │       │   └── libc v0.2.189
│   │   │       ├── dirs v5.0.1
│   │   │       │   └── dirs-sys v0.4.1
│   │   │       │       ├── libc v0.2.189
│   │   │       │       └── option-ext v0.2.0
│   │   │       ├── float-ord v0.3.2
│   │   │       ├── lazy_static v1.5.1
│   │   │       ├── libc v0.2.189
│   │   │       ├── log v0.4.34 (*)
│   │   │       ├── pathfinder_geometry v0.5.1
│   │   │       │   ├── log v0.4.34 (*)
│   │   │       │   └── pathfinder_simd v0.5.6
│   │   │       │       [build-dependencies]
│   │   │       │       └── rustc_version v0.4.1 (*)
│   │   │       ├── pathfinder_simd v0.5.6 (*)
│   │   │       └── walkdir v2.5.0
│   │   │           └── same-file v1.0.6
│   │   │   [build-dependencies]
│   │   │   ├── bindgen v0.72.1
│   │   │   │   ├── bitflags v2.13.1
│   │   │   │   ├── cexpr v0.6.0
│   │   │   │   │   └── nom v7.1.3
│   │   │   │   │       ├── memchr v2.8.3
│   │   │   │   │       └── minimal-lexical v0.2.1
│   │   │   │   ├── clang-sys v1.9.1
│   │   │   │   │   ├── glob v0.3.4
│   │   │   │   │   ├── libc v0.2.189
│   │   │   │   │   └── libloading v0.8.9
│   │   │   │   │       └── cfg-if v1.0.4
│   │   │   │   │   [build-dependencies]
│   │   │   │   │   └── glob v0.3.4
│   │   │   │   ├── itertools v0.13.0
│   │   │   │   │   └── either v1.18.0
│   │   │   │   ├── log v0.4.34 (*)
│   │   │   │   ├── prettyplease v0.2.37
│   │   │   │   │   ├── proc-macro2 v1.0.107 (*)
│   │   │   │   │   └── syn v2.0.119 (*)
│   │   │   │   ├── proc-macro2 v1.0.107 (*)
│   │   │   │   ├── quote v1.0.47 (*)
│   │   │   │   ├── regex v1.13.1 (*)
│   │   │   │   ├── rustc-hash v2.1.3
│   │   │   │   ├── shlex v1.3.0
│   │   │   │   └── syn v2.0.119 (*)
│   │   │   └── embed-resource v3.0.11
│   │   │       ├── cc v1.4.4
│   │   │       │   ├── find-msvc-tools v0.1.11
│   │   │       │   └── shlex v2.0.1
│   │   │       ├── memchr v2.8.3
│   │   │       ├── rustc_version v0.4.1 (*)
│   │   │       └── toml v1.1.5+spec-1.1.0
│   │   │           ├── serde_core v1.0.229
│   │   │           ├── serde_spanned v1.1.1
│   │   │           │   └── serde_core v1.0.229
│   │   │           ├── toml_datetime v1.1.1+spec-1.1.0 (*)
│   │   │           ├── toml_parser v1.1.3+spec-1.1.0 (*)
│   │   │           ├── toml_writer v1.1.2+spec-1.1.0
│   │   │           └── winnow v1.0.4
│   │   ├── gpui-pre-macros v0.3.7 (proc-macro) (*)
│   │   ├── gpui-pre-sum-tree v0.3.7 (*)
│   │   ├── html5ever v0.27.0
│   │   │   ├── log v0.4.34 (*)
│   │   │   ├── mac v0.1.1
│   │   │   └── markup5ever v0.12.1
│   │   │       ├── log v0.4.34 (*)
│   │   │       ├── phf v0.11.3
│   │   │       │   └── phf_shared v0.11.3
│   │   │       │       └── siphasher v1.0.3
│   │   │       ├── string_cache v0.8.9
│   │   │       │   ├── new_debug_unreachable v1.0.6
│   │   │       │   ├── parking_lot v0.12.5 (*)
│   │   │       │   ├── phf_shared v0.11.3 (*)
│   │   │       │   ├── precomputed-hash v0.1.1
│   │   │       │   └── serde v1.0.229 (*)
│   │   │       └── tendril v0.4.3
│   │   │           ├── futf v0.1.5
│   │   │           │   ├── mac v0.1.1
│   │   │           │   └── new_debug_unreachable v1.0.6
│   │   │           ├── mac v0.1.1
│   │   │           └── utf-8 v0.7.6
│   │   │       [build-dependencies]
│   │   │       ├── phf_codegen v0.11.3
│   │   │       │   ├── phf_generator v0.11.3
│   │   │       │   │   ├── phf_shared v0.11.3 (*)
│   │   │       │   │   └── rand v0.8.8
│   │   │       │   │       └── rand_core v0.6.4
│   │   │       │   └── phf_shared v0.11.3 (*)
│   │   │       └── string_cache_codegen v0.5.4
│   │   │           ├── phf_generator v0.11.3 (*)
│   │   │           ├── phf_shared v0.11.3 (*)
│   │   │           ├── proc-macro2 v1.0.107 (*)
│   │   │           └── quote v1.0.47 (*)
│   │   │   [build-dependencies]
│   │   │   ├── proc-macro2 v1.0.107 (*)
│   │   │   ├── quote v1.0.47 (*)
│   │   │   └── syn v2.0.119 (*)
│   │   ├── instant v0.1.13
│   │   │   └── cfg-if v1.0.4
│   │   ├── itertools v0.13.0
│   │   │   └── either v1.18.0
│   │   ├── lsp-types v0.97.0
│   │   │   ├── bitflags v1.3.2
│   │   │   ├── fluent-uri v0.1.4
│   │   │   │   └── bitflags v1.3.2
│   │   │   ├── serde v1.0.229 (*)
│   │   │   ├── serde_json v1.0.151 (*)
│   │   │   └── serde_repr v0.1.21 (proc-macro)
│   │   │       ├── proc-macro2 v1.0.107 (*)
│   │   │       ├── quote v1.0.47 (*)
│   │   │       └── syn v3.0.4 (*)
│   │   ├── markdown v1.0.0
│   │   │   ├── serde v1.0.229 (*)
│   │   │   └── unicode-id v0.3.7
│   │   ├── markup5ever_rcdom v0.3.0
│   │   │   ├── html5ever v0.27.0 (*)
│   │   │   ├── markup5ever v0.12.1 (*)
│   │   │   ├── tendril v0.4.3 (*)
│   │   │   └── xml5ever v0.18.1
│   │   │       ├── log v0.4.34 (*)
│   │   │       ├── mac v0.1.1
│   │   │       └── markup5ever v0.12.1 (*)
│   │   ├── num-traits v0.2.19 (*)
│   │   ├── objc2 v0.6.4 (*)
│   │   ├── objc2-app-kit v0.3.2
│   │   │   ├── bitflags v2.13.1
│   │   │   ├── block2 v0.6.2
│   │   │   │   └── objc2 v0.6.4 (*)
│   │   │   ├── libc v0.2.189
│   │   │   ├── objc2 v0.6.4 (*)
│   │   │   ├── objc2-cloud-kit v0.3.2
│   │   │   │   ├── bitflags v2.13.1
│   │   │   │   ├── objc2 v0.6.4 (*)
│   │   │   │   └── objc2-foundation v0.3.2
│   │   │   │       ├── bitflags v2.13.1
│   │   │   │       ├── block2 v0.6.2 (*)
│   │   │   │       ├── libc v0.2.189
│   │   │   │       ├── objc2 v0.6.4 (*)
│   │   │   │       └── objc2-core-foundation v0.3.2 (*)
│   │   │   ├── objc2-core-data v0.3.2
│   │   │   │   ├── bitflags v2.13.1
│   │   │   │   ├── objc2 v0.6.4 (*)
│   │   │   │   └── objc2-foundation v0.3.2 (*)
│   │   │   ├── objc2-core-foundation v0.3.2 (*)
│   │   │   ├── objc2-core-graphics v0.3.2
│   │   │   │   ├── bitflags v2.13.1
│   │   │   │   ├── objc2 v0.6.4 (*)
│   │   │   │   └── objc2-core-foundation v0.3.2 (*)
│   │   │   ├── objc2-core-image v0.3.2
│   │   │   │   ├── objc2 v0.6.4 (*)
│   │   │   │   └── objc2-foundation v0.3.2 (*)
│   │   │   ├── objc2-core-text v0.3.2
│   │   │   │   ├── bitflags v2.13.1
│   │   │   │   ├── objc2 v0.6.4 (*)
│   │   │   │   └── objc2-core-foundation v0.3.2 (*)
│   │   │   ├── objc2-core-video v0.3.2 (*)
│   │   │   ├── objc2-foundation v0.3.2 (*)
│   │   │   └── objc2-quartz-core v0.3.2
│   │   │       ├── bitflags v2.13.1
│   │   │       ├── objc2 v0.6.4 (*)
│   │   │       └── objc2-foundation v0.3.2 (*)
│   │   ├── objc2-foundation v0.3.2 (*)
│   │   ├── raw-window-handle v0.6.2
│   │   ├── regex v1.13.1 (*)
│   │   ├── ropey v2.0.0-beta.1
│   │   │   └── str_indices v0.4.4
│   │   ├── schemars v1.2.2 (*)
│   │   ├── serde v1.0.229 (*)
│   │   ├── serde_json v1.0.151 (*)
│   │   ├── smallvec v1.16.0
│   │   ├── smol v2.0.2
│   │   │   ├── async-channel v2.5.0 (*)
│   │   │   ├── async-executor v1.14.0
│   │   │   │   ├── async-task v4.7.1
│   │   │   │   ├── concurrent-queue v2.5.0 (*)
│   │   │   │   ├── fastrand v2.5.0
│   │   │   │   ├── futures-lite v2.6.1 (*)
│   │   │   │   ├── pin-project-lite v0.2.17
│   │   │   │   └── slab v0.4.12
│   │   │   ├── async-fs v2.2.0
│   │   │   │   ├── async-lock v3.4.2
│   │   │   │   │   ├── event-listener v5.4.2 (*)
│   │   │   │   │   ├── event-listener-strategy v0.5.4 (*)
│   │   │   │   │   └── pin-project-lite v0.2.17
│   │   │   │   ├── blocking v1.7.0
│   │   │   │   │   ├── async-channel v2.5.0 (*)
│   │   │   │   │   ├── async-task v4.7.1
│   │   │   │   │   ├── futures-io v0.3.34
│   │   │   │   │   ├── futures-lite v2.6.1 (*)
│   │   │   │   │   └── piper v0.2.5
│   │   │   │   │       ├── atomic-waker v1.1.2
│   │   │   │   │       ├── fastrand v2.5.0
│   │   │   │   │       └── futures-io v0.3.34
│   │   │   │   └── futures-lite v2.6.1 (*)
│   │   │   ├── async-io v2.6.0
│   │   │   │   ├── cfg-if v1.0.4
│   │   │   │   ├── concurrent-queue v2.5.0 (*)
│   │   │   │   ├── futures-io v0.3.34
│   │   │   │   ├── futures-lite v2.6.1 (*)
│   │   │   │   ├── parking v2.2.1
│   │   │   │   ├── polling v3.11.0
│   │   │   │   │   ├── cfg-if v1.0.4
│   │   │   │   │   └── rustix v1.1.5
│   │   │   │   │       ├── bitflags v2.13.1
│   │   │   │   │       ├── errno v0.3.14
│   │   │   │   │       │   └── libc v0.2.189
│   │   │   │   │       └── libc v0.2.189
│   │   │   │   ├── rustix v1.1.5 (*)
│   │   │   │   └── slab v0.4.12
│   │   │   │   [build-dependencies]
│   │   │   │   └── autocfg v1.5.1
│   │   │   ├── async-lock v3.4.2 (*)
│   │   │   ├── async-net v2.0.0
│   │   │   │   ├── async-io v2.6.0 (*)
│   │   │   │   ├── blocking v1.7.0 (*)
│   │   │   │   └── futures-lite v2.6.1 (*)
│   │   │   ├── async-process v2.5.0
│   │   │   │   ├── async-io v2.6.0 (*)
│   │   │   │   ├── async-lock v3.4.2 (*)
│   │   │   │   ├── async-signal v0.2.14
│   │   │   │   │   ├── async-io v2.6.0 (*)
│   │   │   │   │   ├── cfg-if v1.0.4
│   │   │   │   │   ├── futures-core v0.3.34
│   │   │   │   │   ├── futures-io v0.3.34
│   │   │   │   │   ├── rustix v1.1.5 (*)
│   │   │   │   │   └── signal-hook-registry v1.4.8
│   │   │   │   │       ├── errno v0.3.14 (*)
│   │   │   │   │       └── libc v0.2.189
│   │   │   │   ├── cfg-if v1.0.4
│   │   │   │   ├── event-listener v5.4.2 (*)
│   │   │   │   ├── futures-lite v2.6.1 (*)
│   │   │   │   └── rustix v1.1.5 (*)
│   │   │   ├── blocking v1.7.0 (*)
│   │   │   └── futures-lite v2.6.1 (*)
│   │   ├── tracing v0.1.44 (*)
│   │   ├── unicode-segmentation v1.13.3
│   │   └── web-time v1.1.0
│   ├── gpui-component v0.7.0
│   │   ├── anyhow v1.0.104
│   │   ├── chrono v0.4.45 (*)
│   │   ├── core-text v21.0.0 (*)
│   │   ├── enum-iterator v2.3.0
│   │   │   └── enum-iterator-derive v1.5.0 (proc-macro)
│   │   │       ├── proc-macro2 v1.0.107 (*)
│   │   │       ├── quote v1.0.47 (*)
│   │   │       └── syn v2.0.119 (*)
│   │   ├── gpui-base v0.7.0 (*)
│   │   ├── gpui-component-macros v0.7.0 (proc-macro)
│   │   │   ├── proc-macro-crate v3.5.0 (*)
│   │   │   ├── proc-macro2 v1.0.107 (*)
│   │   │   ├── quote v1.0.47 (*)
│   │   │   └── syn v2.0.119 (*)
│   │   ├── gpui-kit-assets v0.7.0
│   │   │   ├── anyhow v1.0.104
│   │   │   ├── gpui-pre v0.3.7 (*)
│   │   │   ├── log v0.4.34 (*)
│   │   │   └── rust-embed v8.12.0
│   │   │       ├── rust-embed-impl v8.12.0 (proc-macro)
│   │   │       │   ├── mime_guess v2.0.5
│   │   │       │   │   ├── mime v0.3.17
│   │   │       │   │   └── unicase v2.9.0
│   │   │       │   │   [build-dependencies]
│   │   │       │   │   └── unicase v2.9.0
│   │   │       │   ├── proc-macro2 v1.0.107 (*)
│   │   │       │   ├── quote v1.0.47 (*)
│   │   │       │   ├── rust-embed-utils v8.12.0
│   │   │       │   │   ├── globset v0.4.20
│   │   │       │   │   │   ├── aho-corasick v1.1.5 (*)
│   │   │       │   │   │   ├── bstr v1.13.1
│   │   │       │   │   │   │   └── memchr v2.8.3
│   │   │       │   │   │   ├── log v0.4.34 (*)
│   │   │       │   │   │   ├── regex-automata v0.4.18 (*)
│   │   │       │   │   │   └── regex-syntax v0.8.11
│   │   │       │   │   ├── sha2 v0.11.0
│   │   │       │   │   │   ├── cfg-if v1.0.4
│   │   │       │   │   │   ├── cpufeatures v0.3.1
│   │   │       │   │   │   │   └── libc v0.2.189
│   │   │       │   │   │   └── digest v0.11.3
│   │   │       │   │   │       ├── block-buffer v0.12.1
│   │   │       │   │   │       │   └── hybrid-array v0.4.14
│   │   │       │   │   │       │       └── typenum v1.20.1
│   │   │       │   │   │       ├── const-oid v0.10.2
│   │   │       │   │   │       └── crypto-common v0.2.2
│   │   │       │   │   │           └── hybrid-array v0.4.14 (*)
│   │   │       │   │   └── walkdir v2.5.0 (*)
│   │   │       │   ├── shellexpand v3.1.2
│   │   │       │   │   └── dirs v6.0.0
│   │   │       │   │       └── dirs-sys v0.5.0
│   │   │       │   │           ├── libc v0.2.189
│   │   │       │   │           └── option-ext v0.2.0
│   │   │       │   ├── syn v2.0.119 (*)
│   │   │       │   └── walkdir v2.5.0 (*)
│   │   │       ├── rust-embed-utils v8.12.0 (*)
│   │   │       └── walkdir v2.5.0 (*)
│   │   ├── gpui-pre v0.3.7 (*)
│   │   ├── gpui-pre-macros v0.3.7 (proc-macro) (*)
│   │   ├── gpui-pre-sum-tree v0.3.7 (*)
│   │   ├── instant v0.1.13 (*)
│   │   ├── itertools v0.13.0 (*)
│   │   ├── log v0.4.34 (*)
│   │   ├── lsp-types v0.97.0 (*)
│   │   ├── markdown v1.0.0 (*)
│   │   ├── notify v7.0.0
│   │   │   ├── bitflags v2.13.1
│   │   │   ├── filetime v0.2.29
│   │   │   │   ├── cfg-if v1.0.4
│   │   │   │   └── libc v0.2.189
│   │   │   ├── fsevent-sys v4.1.0
│   │   │   │   └── libc v0.2.189
│   │   │   ├── libc v0.2.189
│   │   │   ├── log v0.4.34 (*)
│   │   │   ├── notify-types v1.0.1
│   │   │   │   └── instant v0.1.13 (*)
│   │   │   └── walkdir v2.5.0 (*)
│   │   ├── num-traits v0.2.19 (*)
│   │   ├── objc2 v0.6.4 (*)
│   │   ├── objc2-app-kit v0.3.2 (*)
│   │   ├── objc2-foundation v0.3.2 (*)
│   │   ├── once_cell v1.21.4
│   │   ├── paste v1.0.15 (proc-macro)
│   │   ├── raw-window-handle v0.6.2
│   │   ├── regex v1.13.1 (*)
│   │   ├── ropey v2.0.0-beta.1 (*)
│   │   ├── rust-i18n v4.2.4
│   │   │   ├── rust-i18n-macro v4.2.4 (proc-macro)
│   │   │   │   ├── glob v0.3.4
│   │   │   │   ├── proc-macro2 v1.0.107 (*)
│   │   │   │   ├── quote v1.0.47 (*)
│   │   │   │   ├── rust-i18n-support v4.2.4
│   │   │   │   │   ├── arc-swap v1.9.2
│   │   │   │   │   │   └── rustversion v1.0.23 (proc-macro)
│   │   │   │   │   ├── base62 v2.2.6
│   │   │   │   │   ├── foldhash v0.2.0
│   │   │   │   │   ├── globwalk v0.8.1
│   │   │   │   │   │   ├── bitflags v1.3.2
│   │   │   │   │   │   ├── ignore v0.4.33
│   │   │   │   │   │   │   ├── crossbeam-deque v0.8.8 (*)
│   │   │   │   │   │   │   ├── globset v0.4.20 (*)
│   │   │   │   │   │   │   ├── log v0.4.34 (*)
│   │   │   │   │   │   │   ├── memchr v2.8.3
│   │   │   │   │   │   │   ├── regex-automata v0.4.18 (*)
│   │   │   │   │   │   │   ├── same-file v1.0.6
│   │   │   │   │   │   │   └── walkdir v2.5.0 (*)
│   │   │   │   │   │   └── walkdir v2.5.0 (*)
│   │   │   │   │   ├── itertools v0.11.0
│   │   │   │   │   │   └── either v1.18.0
│   │   │   │   │   ├── normpath v1.5.2
│   │   │   │   │   ├── serde v1.0.229 (*)
│   │   │   │   │   ├── serde-saphyr v1.3.0
│   │   │   │   │   │   ├── annotate-snippets v0.12.16
│   │   │   │   │   │   │   ├── anstyle v1.0.14
│   │   │   │   │   │   │   └── unicode-width v0.2.2
│   │   │   │   │   │   ├── base64 v0.22.1
│   │   │   │   │   │   ├── encoding_rs_io v0.1.8
│   │   │   │   │   │   │   └── encoding_rs v0.8.42
│   │   │   │   │   │   │       ├── cfg-if v1.0.4
│   │   │   │   │   │   │       ├── multiversion_no_op v1.0.0 (proc-macro)
│   │   │   │   │   │   │       ├── scopeguard v1.2.0
│   │   │   │   │   │   │       └── simdutf8 v0.1.5
│   │   │   │   │   │   │       [build-dependencies]
│   │   │   │   │   │   │       └── rustversion v1.0.23 (proc-macro)
│   │   │   │   │   │   ├── granit-parser v1.3.0
│   │   │   │   │   │   │   ├── arraydeque v0.5.1
│   │   │   │   │   │   │   └── smallvec v1.16.0
│   │   │   │   │   │   ├── nohash-hasher v0.2.0
│   │   │   │   │   │   ├── num-traits v0.2.19
│   │   │   │   │   │   │   [build-dependencies]
│   │   │   │   │   │   │   └── autocfg v1.5.1
│   │   │   │   │   │   ├── serde_core v1.0.229
│   │   │   │   │   │   ├── smallvec v1.16.0
│   │   │   │   │   │   └── zmij v1.0.23
│   │   │   │   │   ├── serde_json v1.0.151 (*)
│   │   │   │   │   ├── siphasher v1.0.3
│   │   │   │   │   ├── toml v0.8.23
│   │   │   │   │   │   ├── serde v1.0.229 (*)
│   │   │   │   │   │   ├── serde_spanned v0.6.9
│   │   │   │   │   │   │   └── serde v1.0.229 (*)
│   │   │   │   │   │   ├── toml_datetime v0.6.11
│   │   │   │   │   │   │   └── serde v1.0.229 (*)
│   │   │   │   │   │   └── toml_edit v0.22.27
│   │   │   │   │   │       ├── indexmap v2.14.1 (*)
│   │   │   │   │   │       ├── serde v1.0.229 (*)
│   │   │   │   │   │       ├── serde_spanned v0.6.9 (*)
│   │   │   │   │   │       ├── toml_datetime v0.6.11 (*)
│   │   │   │   │   │       ├── toml_write v0.1.2
│   │   │   │   │   │       └── winnow v0.7.15
│   │   │   │   │   └── triomphe v0.1.16
│   │   │   │   │       ├── arc-swap v1.9.2 (*)
│   │   │   │   │       ├── serde v1.0.229 (*)
│   │   │   │   │       └── stable_deref_trait v1.2.1
│   │   │   │   ├── serde v1.0.229 (*)
│   │   │   │   ├── serde_json v1.0.151 (*)
│   │   │   │   └── syn v2.0.119 (*)
│   │   │   ├── rust-i18n-support v4.2.4
│   │   │   │   ├── arc-swap v1.9.2 (*)
│   │   │   │   ├── base62 v2.2.6
│   │   │   │   ├── foldhash v0.2.0
│   │   │   │   ├── siphasher v1.0.3
│   │   │   │   └── triomphe v0.1.16 (*)
│   │   │   └── smallvec v1.16.0
│   │   │   [build-dependencies]
│   │   │   ├── globwalk v0.8.1 (*)
│   │   │   └── regex v1.13.1 (*)
│   │   ├── schemars v1.2.2 (*)
│   │   ├── serde v1.0.229 (*)
│   │   ├── serde_json v1.0.151 (*)
│   │   ├── serde_repr v0.1.21 (proc-macro) (*)
│   │   ├── smallvec v1.16.0
│   │   ├── smol v2.0.2 (*)
│   │   ├── tracing v0.1.44 (*)
│   │   └── uuid v1.26.0 (*)
│   ├── gpui-kit-assets v0.7.0 (*)
│   ├── gpui-pre v0.3.7 (*)
│   └── gpui-pre-platform v0.3.7
│       ├── anyhow v1.0.104
│       ├── gpui-pre v0.3.7 (*)
│       └── gpui-pre-macos v0.3.7
│           ├── accesskit v0.24.1 (*)
│           ├── accesskit_macos v0.26.3
│           │   ├── accesskit v0.24.1 (*)
│           │   ├── accesskit_consumer v0.38.0
│           │   │   ├── accesskit v0.24.1 (*)
│           │   │   └── hashbrown v0.16.1
│           │   │       └── foldhash v0.2.0
│           │   ├── hashbrown v0.16.1 (*)
│           │   ├── objc2 v0.5.2
│           │   │   ├── objc-sys v0.3.5
│           │   │   └── objc2-encode v4.1.0
│           │   ├── objc2-app-kit v0.2.2
│           │   │   ├── bitflags v2.13.1
│           │   │   ├── objc2 v0.5.2 (*)
│           │   │   └── objc2-foundation v0.2.2
│           │   │       ├── bitflags v2.13.1
│           │   │       └── objc2 v0.5.2 (*)
│           │   └── objc2-foundation v0.2.2 (*)
│           ├── anyhow v1.0.104
│           ├── async-task v4.7.1
│           ├── block2 v0.6.2 (*)
│           ├── cocoa v0.26.1
│           │   ├── bitflags v2.13.1
│           │   ├── block v0.1.6
│           │   ├── cocoa-foundation v0.2.1
│           │   │   ├── bitflags v2.13.1
│           │   │   ├── block v0.1.6
│           │   │   ├── core-foundation v0.10.1 (*)
│           │   │   ├── core-graphics-types v0.2.0 (*)
│           │   │   └── objc v0.2.7 (*)
│           │   ├── core-foundation v0.10.1 (*)
│           │   ├── core-graphics v0.24.0 (*)
│           │   ├── foreign-types v0.5.0 (*)
│           │   ├── libc v0.2.189
│           │   └── objc v0.2.7 (*)
│           ├── core-foundation v0.10.1 (*)
│           ├── core-foundation-sys v0.8.7
│           ├── core-graphics v0.24.0 (*)
│           ├── core-text v21.0.0 (*)
│           ├── ctor v1.0.13 (*)
│           ├── dispatch2 v0.3.1
│           │   ├── bitflags v2.13.1
│           │   ├── block2 v0.6.2 (*)
│           │   ├── libc v0.2.189
│           │   └── objc2 v0.6.4 (*)
│           ├── foreign-types v0.5.0 (*)
│           ├── futures v0.3.34 (*)
│           ├── gpui-pre v0.3.7 (*)
│           ├── gpui-pre-apple v0.3.7
│           │   ├── anyhow v1.0.104
│           │   ├── block2 v0.6.2 (*)
│           │   ├── cocoa v0.26.1 (*)
│           │   ├── core-foundation v0.10.1 (*)
│           │   ├── core-video v0.5.2 (*)
│           │   ├── derive_more v2.1.1 (*)
│           │   ├── etagere v0.2.15 (*)
│           │   ├── foreign-types v0.5.0 (*)
│           │   ├── gpui-pre v0.3.7 (*)
│           │   ├── image v0.25.10 (*)
│           │   ├── log v0.4.34 (*)
│           │   ├── metal v0.33.0 (*)
│           │   ├── objc v0.2.7 (*)
│           │   ├── objc2 v0.6.4 (*)
│           │   └── parking_lot v0.12.5 (*)
│           │   [build-dependencies]
│           │   └── cbindgen v0.28.0
│           │       ├── heck v0.4.1
│           │       ├── indexmap v2.14.1 (*)
│           │       ├── log v0.4.34 (*)
│           │       ├── proc-macro2 v1.0.107 (*)
│           │       ├── quote v1.0.47 (*)
│           │       ├── serde v1.0.229 (*)
│           │       ├── serde_json v1.0.151 (*)
│           │       ├── syn v2.0.119 (*)
│           │       ├── tempfile v3.27.0
│           │       │   ├── fastrand v2.5.0
│           │       │   ├── getrandom v0.4.3
│           │       │   │   ├── cfg-if v1.0.4
│           │       │   │   └── libc v0.2.189
│           │       │   ├── once_cell v1.21.4
│           │       │   └── rustix v1.1.5
│           │       │       ├── bitflags v2.13.1
│           │       │       ├── errno v0.3.14
│           │       │       │   └── libc v0.2.189
│           │       │       └── libc v0.2.189
│           │       └── toml v0.8.23 (*)
│           ├── gpui-pre-collections v0.3.7 (*)
│           ├── gpui-pre-util v0.3.7 (*)
│           ├── image v0.25.10 (*)
│           ├── itertools v0.14.0 (*)
│           ├── libc v0.2.189
│           ├── log v0.4.34 (*)
│           ├── mach2 v0.5.0
│           │   └── libc v0.2.189
│           ├── objc v0.2.7 (*)
│           ├── objc2 v0.6.4 (*)
│           ├── objc2-app-kit v0.3.2 (*)
│           ├── objc2-core-graphics v0.3.2 (*)
│           ├── objc2-core-media v0.3.2
│           │   ├── bitflags v2.13.1
│           │   ├── objc2 v0.6.4 (*)
│           │   ├── objc2-core-foundation v0.3.2 (*)
│           │   └── objc2-core-video v0.3.2 (*)
│           ├── objc2-foundation v0.3.2 (*)
│           ├── objc2-screen-capture-kit v0.3.2
│           │   ├── block2 v0.6.2 (*)
│           │   ├── dispatch2 v0.3.1 (*)
│           │   ├── objc2 v0.6.4 (*)
│           │   ├── objc2-core-graphics v0.3.2 (*)
│           │   ├── objc2-core-media v0.3.2 (*)
│           │   └── objc2-foundation v0.3.2 (*)
│           ├── objc2-user-notifications v0.3.2
│           │   ├── bitflags v2.13.1
│           │   ├── block2 v0.6.2 (*)
│           │   ├── objc2 v0.6.4 (*)
│           │   ├── objc2-core-location v0.3.2
│           │   │   ├── objc2 v0.6.4 (*)
│           │   │   └── objc2-foundation v0.3.2 (*)
│           │   └── objc2-foundation v0.3.2 (*)
│           ├── parking_lot v0.12.5 (*)
│           ├── pathfinder_geometry v0.5.1 (*)
│           ├── raw-window-handle v0.6.2
│           ├── semver v1.0.28
│           │   └── serde_core v1.0.229
│           ├── smallvec v1.16.0
│           ├── strum v0.28.0 (*)
│           ├── uuid v1.26.0 (*)
│           └── zed-font-kit v0.14.1-zed (*)
├── tokio v1.53.1
│   ├── bytes v1.12.1
│   ├── libc v0.2.189
│   ├── mio v1.2.3
│   │   └── libc v0.2.189
│   ├── pin-project-lite v0.2.17
│   └── socket2 v0.6.5
│       └── libc v0.2.189
└── veyra-core v0.1.0 (/Users/lifeilin/wx_lifeilin/github.com/lifei6671/veyra/crates/veyra-core)
    ├── futures-util v0.3.34 (*)
    ├── getrandom v0.4.3 (*)
    ├── reqwest v0.12.28
    │   ├── base64 v0.22.1
    │   ├── bytes v1.12.1
    │   ├── futures-core v0.3.34
    │   ├── http v1.5.0 (*)
    │   ├── http-body v1.1.0 (*)
    │   ├── http-body-util v0.1.5
    │   │   ├── bytes v1.12.1
    │   │   ├── futures-core v0.3.34
    │   │   ├── http v1.5.0 (*)
    │   │   ├── http-body v1.1.0 (*)
    │   │   └── pin-project-lite v0.2.17
    │   ├── hyper v1.11.1
    │   │   ├── atomic-waker v1.1.2
    │   │   ├── bytes v1.12.1
    │   │   ├── futures-channel v0.3.34 (*)
    │   │   ├── futures-core v0.3.34
    │   │   ├── http v1.5.0 (*)
    │   │   ├── http-body v1.1.0 (*)
    │   │   ├── httparse v1.10.1
    │   │   ├── itoa v1.0.18
    │   │   ├── pin-project-lite v0.2.17
    │   │   ├── smallvec v1.16.0
    │   │   ├── tokio v1.53.1 (*)
    │   │   └── want v0.3.1
    │   │       └── try-lock v0.2.5
    │   ├── hyper-rustls v0.27.9
    │   │   ├── http v1.5.0 (*)
    │   │   ├── hyper v1.11.1 (*)
    │   │   ├── hyper-util v0.1.20
    │   │   │   ├── base64 v0.22.1
    │   │   │   ├── bytes v1.12.1
    │   │   │   ├── futures-channel v0.3.34 (*)
    │   │   │   ├── futures-util v0.3.34 (*)
    │   │   │   ├── http v1.5.0 (*)
    │   │   │   ├── http-body v1.1.0 (*)
    │   │   │   ├── hyper v1.11.1 (*)
    │   │   │   ├── ipnet v2.12.1
    │   │   │   ├── libc v0.2.189
    │   │   │   ├── percent-encoding v2.3.2
    │   │   │   ├── pin-project-lite v0.2.17
    │   │   │   ├── socket2 v0.6.5 (*)
    │   │   │   ├── tokio v1.53.1 (*)
    │   │   │   ├── tower-service v0.3.3
    │   │   │   └── tracing v0.1.44 (*)
    │   │   ├── rustls v0.23.43
    │   │   │   ├── once_cell v1.21.4
    │   │   │   ├── ring v0.17.14
    │   │   │   │   ├── cfg-if v1.0.4
    │   │   │   │   ├── getrandom v0.2.17
    │   │   │   │   │   ├── cfg-if v1.0.4
    │   │   │   │   │   └── libc v0.2.189
    │   │   │   │   ├── libc v0.2.189
    │   │   │   │   └── untrusted v0.9.0
    │   │   │   │   [build-dependencies]
    │   │   │   │   └── cc v1.4.4 (*)
    │   │   │   ├── rustls-pki-types v1.15.1
    │   │   │   │   └── zeroize v1.9.0
    │   │   │   ├── rustls-webpki v0.103.15
    │   │   │   │   ├── ring v0.17.14 (*)
    │   │   │   │   ├── rustls-pki-types v1.15.1 (*)
    │   │   │   │   └── untrusted v0.9.0
    │   │   │   ├── subtle v2.6.1
    │   │   │   └── zeroize v1.9.0
    │   │   ├── tokio v1.53.1 (*)
    │   │   ├── tokio-rustls v0.26.4
    │   │   │   ├── rustls v0.23.43 (*)
    │   │   │   └── tokio v1.53.1 (*)
    │   │   ├── tower-service v0.3.3
    │   │   └── webpki-roots v1.0.9
    │   │       └── rustls-pki-types v1.15.1 (*)
    │   ├── hyper-util v0.1.20 (*)
    │   ├── log v0.4.34 (*)
    │   ├── percent-encoding v2.3.2
    │   ├── pin-project-lite v0.2.17
    │   ├── rustls v0.23.43 (*)
    │   ├── rustls-pki-types v1.15.1 (*)
    │   ├── serde v1.0.229 (*)
    │   ├── serde_json v1.0.151 (*)
    │   ├── serde_urlencoded v0.7.1 (*)
    │   ├── sync_wrapper v1.0.2
    │   │   └── futures-core v0.3.34
    │   ├── tokio v1.53.1 (*)
    │   ├── tokio-rustls v0.26.4 (*)
    │   ├── tower v0.5.3
    │   │   ├── futures-core v0.3.34
    │   │   ├── futures-util v0.3.34 (*)
    │   │   ├── pin-project-lite v0.2.17
    │   │   ├── sync_wrapper v1.0.2 (*)
    │   │   ├── tokio v1.53.1 (*)
    │   │   ├── tower-layer v0.3.3
    │   │   └── tower-service v0.3.3
    │   ├── tower-http v0.6.11
    │   │   ├── bitflags v2.13.1
    │   │   ├── bytes v1.12.1
    │   │   ├── futures-util v0.3.34 (*)
    │   │   ├── http v1.5.0 (*)
    │   │   ├── http-body v1.1.0 (*)
    │   │   ├── pin-project-lite v0.2.17
    │   │   ├── tower v0.5.3 (*)
    │   │   ├── tower-layer v0.3.3
    │   │   ├── tower-service v0.3.3
    │   │   └── url v2.5.8 (*)
    │   ├── tower-service v0.3.3
    │   ├── url v2.5.8 (*)
    │   └── webpki-roots v1.0.9 (*)
    ├── serde v1.0.229 (*)
    ├── serde_json v1.0.151 (*)
    ├── serde_yaml_ng v0.10.0
    │   ├── indexmap v2.14.1 (*)
    │   ├── itoa v1.0.18
    │   ├── ryu v1.0.23
    │   ├── serde v1.0.229 (*)
    │   └── unsafe-libyaml v0.2.11
    ├── sha2 v0.10.9
    │   ├── cfg-if v1.0.4
    │   ├── cpufeatures v0.2.17
    │   │   └── libc v0.2.189
    │   └── digest v0.10.7
    │       ├── block-buffer v0.10.4
    │       │   └── generic-array v0.14.7
    │       │       └── typenum v1.20.1
    │       │       [build-dependencies]
    │       │       └── version_check v0.9.5
    │       └── crypto-common v0.1.7
    │           ├── generic-array v0.14.7 (*)
    │           └── typenum v1.20.1
    ├── thiserror v2.0.20 (*)
    ├── tokio v1.53.1 (*)
    ├── tokio-tungstenite v0.30.0
    │   ├── futures-util v0.3.34 (*)
    │   ├── log v0.4.34 (*)
    │   ├── tokio v1.53.1 (*)
    │   └── tungstenite v0.30.0
    │       ├── bytes v1.12.1
    │       ├── data-encoding v2.11.1
    │       ├── http v1.5.0 (*)
    │       ├── httparse v1.10.1
    │       ├── log v0.4.34 (*)
    │       ├── rand v0.10.2
    │       │   ├── chacha20 v0.10.2
    │       │   │   ├── cfg-if v1.0.4
    │       │   │   └── rand_core v0.10.1
    │       │   ├── getrandom v0.4.3 (*)
    │       │   └── rand_core v0.10.1
    │       ├── sha1 v0.11.0
    │       │   ├── cfg-if v1.0.4
    │       │   ├── cpufeatures v0.3.1 (*)
    │       │   └── digest v0.11.3 (*)
    │       └── thiserror v2.0.20 (*)
    └── tracing v0.1.44 (*)
