product=com.lifei6671.veyra namespace=com.lifei6671.veyra.gpui-preview
role=primary lock acquired; control socket listening
writer_created_count=1
TrayIcon created main_thread=true; Runtime unavailable; start/stop disabled
AppView created entity=EntityId(1v1); pages_created_count=6
bridge request=1 generation=0 busy
theme effective preference=System AppView.dark=true Kit=Dark route=Overview content=Size { 1280px × 721px } snapshot_loaded=false
bridge request=1 generation=0 Accepted
theme effective preference=Light AppView.dark=false Kit=Light route=Overview content=Size { 1280px × 720px } snapshot_loaded=true
tray native rect=Some(Rect { size: PhysicalSize { width: 68, height: 0 }, position: PhysicalPosition { x: 0.0, y: 1964.0 } }) visible=Some(true)
logical content Size { 1280px × 720px }; scale factor 2
tray probe delayed main_thread=true activation_policy=NSApplicationActivationPolicy(0) presentation=NSApplicationPresentationOptions(0) thickness=22
tray probe visible=true button_exists=true rect=Some(Rect { size: PhysicalSize { width: 68, height: 66 }, position: PhysicalPosition { x: 1752.0, y: 0.0 } })
tray probe button.frame=CGRect { origin: CGPoint { x: 0.0, y: 0.0 }, size: CGSize { width: 34.0, height: 22.0 } } window.frame=Some(CGRect { origin: CGPoint { x: 876.0, y: 949.0 }, size: CGSize { width: 34.0, height: 33.0 } })
tray probe screen.frame=CGRect { origin: CGPoint { x: 0.0, y: 0.0 }, size: CGSize { width: 1512.0, height: 982.0 } } visibleFrame=CGRect { origin: CGPoint { x: 54.0, y: 0.0 }, size: CGSize { width: 1458.0, height: 949.0 } }
default background CPU job generation=1 thread=ThreadId(5) duration_ms=4898
default background generation=1 accepted=true
tray native rect=Some(Rect { size: PhysicalSize { width: 68, height: 66 }, position: PhysicalPosition { x: 1752.0, y: 0.0 } }) visible=Some(true)
navigate settings entity=EntityId(18v1)
theme effective preference=Light AppView.dark=false Kit=Light route=Settings content=Size { 1280px × 720px } snapshot_loaded=true
2026-10-05 19:48:01.178 VeyraP107NativeAB[6110:7107119] TSM AdjustCapsLockLEDForKeyTransitionHandling - _ISSetPhysicalKeyboardCapsLockLED Inhibit
visual change generation=1 changes=1
theme effective preference=Light AppView.dark=false Kit=Light route=Settings content=Size { 1280px × 720px } snapshot_loaded=true
visual submit generation=1 commits=1 opacity=90 blur=10
visual completion generation=1 accepted=true result=Ok(())
tray native rect=Some(Rect { size: PhysicalSize { width: 68, height: 66 }, position: PhysicalPosition { x: 1752.0, y: 0.0 } }) visible=Some(true)
visual change generation=2 changes=2
theme effective preference=Light AppView.dark=false Kit=Light route=Settings content=Size { 1280px × 720px } snapshot_loaded=true
visual submit generation=2 commits=2 opacity=90 blur=10
visual completion generation=2 accepted=true result=Ok(())
tray native rect=Some(Rect { size: PhysicalSize { width: 68, height: 66 }, position: PhysicalPosition { x: 1752.0, y: 0.0 } }) visible=Some(true)
visual change generation=3 changes=3
theme effective preference=Dark AppView.dark=true Kit=Dark route=Settings content=Size { 1280px × 720px } snapshot_loaded=true
visual submit generation=3 commits=3 opacity=90 blur=10
visual completion generation=3 accepted=true result=Ok(())
tray native rect=Some(Rect { size: PhysicalSize { width: 68, height: 66 }, position: PhysicalPosition { x: 1752.0, y: 0.0 } }) visible=Some(true)
visual change generation=4 changes=4
theme effective preference=Light AppView.dark=false Kit=Light route=Settings content=Size { 1280px × 720px } snapshot_loaded=true
visual submit generation=4 commits=4 opacity=90 blur=10
visual completion generation=4 accepted=true result=Ok(())
tray native rect=Some(Rect { size: PhysicalSize { width: 68, height: 66 }, position: PhysicalPosition { x: 1752.0, y: 0.0 } }) visible=Some(true)
desktop intent=Quit effect=Quit
quit cleanup: listener stopped; socket removed; flock retained until exit
TrayIcon released on main thread
product=com.lifei6671.veyra namespace=com.lifei6671.veyra.gpui-preview
role=primary lock acquired; control socket listening
writer_created_count=1
TrayIcon created main_thread=true; Runtime unavailable; start/stop disabled
AppView created entity=EntityId(1v1); pages_created_count=6
bridge request=1 generation=0 busy
theme effective preference=System AppView.dark=true Kit=Dark route=Overview content=Size { 1280px × 721px } snapshot_loaded=false
bridge request=1 generation=0 Accepted
theme effective preference=Light AppView.dark=false Kit=Light route=Overview content=Size { 1280px × 720px } snapshot_loaded=true
tray native rect=Some(Rect { size: PhysicalSize { width: 68, height: 0 }, position: PhysicalPosition { x: 0.0, y: 1964.0 } }) visible=Some(true)
logical content Size { 1280px × 720px }; scale factor 2
tray probe delayed main_thread=true activation_policy=NSApplicationActivationPolicy(0) presentation=NSApplicationPresentationOptions(0) thickness=22
tray probe visible=true button_exists=true rect=Some(Rect { size: PhysicalSize { width: 68, height: 66 }, position: PhysicalPosition { x: 1752.0, y: 0.0 } })
tray probe button.frame=CGRect { origin: CGPoint { x: 0.0, y: 0.0 }, size: CGSize { width: 34.0, height: 22.0 } } window.frame=Some(CGRect { origin: CGPoint { x: 876.0, y: 949.0 }, size: CGSize { width: 34.0, height: 33.0 } })
tray probe screen.frame=CGRect { origin: CGPoint { x: 0.0, y: 0.0 }, size: CGSize { width: 1512.0, height: 982.0 } } visibleFrame=CGRect { origin: CGPoint { x: 54.0, y: 0.0 }, size: CGSize { width: 1458.0, height: 949.0 } }
default background CPU job generation=1 thread=ThreadId(5) duration_ms=5056
default background generation=1 accepted=true
tray native rect=Some(Rect { size: PhysicalSize { width: 68, height: 66 }, position: PhysicalPosition { x: 1752.0, y: 0.0 } }) visible=Some(true)
navigate settings entity=EntityId(18v1)
theme effective preference=Light AppView.dark=false Kit=Light route=Settings content=Size { 1280px × 720px } snapshot_loaded=true
2026-10-05 19:52:44.806 VeyraP107NativeAB[8233:7117877] TSM AdjustCapsLockLEDForKeyTransitionHandling - _ISSetPhysicalKeyboardCapsLockLED Inhibit
visual change generation=1 changes=1
theme effective preference=Light AppView.dark=false Kit=Light route=Settings content=Size { 1280px × 720px } snapshot_loaded=true
visual submit generation=1 commits=1 opacity=90 blur=10
visual completion generation=1 accepted=true result=Ok(())
tray native rect=Some(Rect { size: PhysicalSize { width: 68, height: 66 }, position: PhysicalPosition { x: 1752.0, y: 0.0 } }) visible=Some(true)
visual change generation=2 changes=2
theme effective preference=Light AppView.dark=false Kit=Light route=Settings content=Size { 1280px × 720px } snapshot_loaded=true
visual submit generation=2 commits=2 opacity=90 blur=10
visual completion generation=2 accepted=true result=Ok(())
tray native rect=Some(Rect { size: PhysicalSize { width: 68, height: 66 }, position: PhysicalPosition { x: 1752.0, y: 0.0 } }) visible=Some(true)
visual change generation=3 changes=3
theme effective preference=Dark AppView.dark=true Kit=Dark route=Settings content=Size { 1280px × 720px } snapshot_loaded=true
visual submit generation=3 commits=3 opacity=90 blur=10
visual completion generation=3 accepted=true result=Ok(())
tray native rect=Some(Rect { size: PhysicalSize { width: 68, height: 66 }, position: PhysicalPosition { x: 1752.0, y: 0.0 } }) visible=Some(true)
visual change generation=4 changes=4
theme effective preference=Light AppView.dark=false Kit=Light route=Settings content=Size { 1280px × 720px } snapshot_loaded=true
visual submit generation=4 commits=4 opacity=90 blur=10
visual completion generation=4 accepted=true result=Ok(())
tray native rect=Some(Rect { size: PhysicalSize { width: 68, height: 66 }, position: PhysicalPosition { x: 1752.0, y: 0.0 } }) visible=Some(true)
desktop intent=Quit effect=Quit
quit cleanup: listener stopped; socket removed; flock retained until exit
TrayIcon released on main thread
