{
  "result": "PASS_STATIC_ONLY",
  "bundle": "/Users/lifeilin/wx_lifeilin/github.com/lifei6671/veyra/.worktrees/p0-08-update-distribution/target/p0-08-desktop/VeyraPrototype.app",
  "manifest": {
    "app_version": "0.1.0",
    "build_inputs_sha256": "3d7e44319cf9869f06c73366212e383a923ec6241f91615dec04cc89c09e9681",
    "cargo_lock_sha256": "ab84206070be0a857ea6b08c7acc8a22e392844030381b85535cd3e81319b0b5",
    "deployment_target": "15.0",
    "files": {
      "Contents/Resources/INSTALLATION.md": {
        "sha256": "68ec02d8e7a2a4d33d625ef6b9b3272a553be393a4f2d4881ffbc157beddee7b",
        "size": 7178
      },
      "Contents/Resources/Veyra-LICENSE": {
        "sha256": "3972dc9744f6499f0f9b2dbf76696f2ae7ad8af9b23dde66d6af86c9dfb36986",
        "size": 35149
      },
      "Contents/Resources/bin/veyra-update-prototype": {
        "sha256": "f0286b61e661b2a8bc8f38c6e2a0736cfc00c1a7f864c5b008434b2dffd98af6",
        "size": 16102768
      },
      "Contents/Resources/helper/veyra-helper-prototype": {
        "sha256": "98cf1e89d8e5acc7c8943da0af9bbe80fab1672e1676572e8dccd5676946c6c4",
        "size": 2279008
      },
      "Contents/Resources/helper/veyra-sing-box": {
        "sha256": "973388c3f720e918fc64dff7fd75dde14b31cc1aa6fc15855e2f00c5291dd4f4",
        "size": 83719234
      },
      "Contents/Resources/icon.icns": {
        "sha256": "af28963110b1043e3d25cca68ab5ef01f3779205427b89770abe1600202aa0fd",
        "size": 974890
      },
      "Contents/Resources/sing-box-LICENSE": {
        "sha256": "650d5e3b99a446fb38e820fa87a49562e0c79eab868fff58618ac487a58e554c",
        "size": 791
      }
    },
    "helper_kind": "p0-05-prototype-not-production",
    "helper_version": "0.1.0",
    "kernel_source": {
      "archive_sha256": "a150c94012ff768b7261939cd236b9c8554127f45137230295d23a5660225cc9",
      "url": "https://github.com/SagerNet/sing-box/releases/download/v1.14.0/sing-box-1.14.0-darwin-arm64.tar.gz"
    },
    "minimum_system_version": "26.0",
    "platform": "macos-arm64",
    "repository": "lifei6671/veyra",
    "resources_version": "0.1.0",
    "rustc": "rustc 1.99.0 (b940084d7 2026-09-28)",
    "schema": 1,
    "sing_box_version": "1.14.0",
    "source_commit": "733b6ea3d20b23ba90bb933971a08b076bc0caa3"
  },
  "final_binaries": {
    "Contents/MacOS/veyra-gpui-prototype": {
      "sha256": "367e25f453abc580b779ee7508f3f050b71074ae9f57c7e11188f54b3d640954",
      "signature": "Executable=/Users/lifeilin/wx_lifeilin/github.com/lifei6671/veyra/.worktrees/p0-08-update-distribution/target/p0-08-desktop/VeyraPrototype.app/Contents/MacOS/veyra-gpui-prototype\nIdentifier=me.veyra.gpui-prototype\nFormat=app bundle with Mach-O thin (arm64)\nCodeDirectory v=20400 size=172208 flags=0x2(adhoc) hashes=5375+3 location=embedded\nVersionPlatform=1\nVersionMin=983040\nVersionSDK=1769472\nHash type=sha256 size=32\nCandidateCDHash sha256=da29466bd616a77fd85dde45b03b26e7bd736e32\nCandidateCDHashFull sha256=da29466bd616a77fd85dde45b03b26e7bd736e32690c054955b8f0c092e22c39\nHash choices=sha256\nCMSDigest=da29466bd616a77fd85dde45b03b26e7bd736e32690c054955b8f0c092e22c39\nCMSDigestType=2\nExecutable Segment base=0\nExecutable Segment limit=40124416\nExecutable Segment flags=0x1\nPage size=16384\nCDHash=da29466bd616a77fd85dde45b03b26e7bd736e32\nSignature=adhoc\nInfo.plist entries=9\nTeamIdentifier=not set\nSealed Resources version=2 rules=13 files=8\nInternal requirements count=0 size=12\nTotal signatures=1\nChosen signature=1\n",
      "minimum_macos": [
        15,
        0
      ]
    },
    "Contents/Resources/bin/veyra-update-prototype": {
      "sha256": "f0286b61e661b2a8bc8f38c6e2a0736cfc00c1a7f864c5b008434b2dffd98af6",
      "signature": "Executable=/Users/lifeilin/wx_lifeilin/github.com/lifei6671/veyra/.worktrees/p0-08-update-distribution/target/p0-08-desktop/VeyraPrototype.app/Contents/Resources/bin/veyra-update-prototype\nIdentifier=veyra-update-prototype-55554944acea963964ae3876931b2e2c19e3e03f\nFormat=Mach-O thin (arm64)\nCodeDirectory v=20400 size=31608 flags=0x2(adhoc) hashes=981+2 location=embedded\nVersionPlatform=1\nVersionMin=983040\nVersionSDK=1769472\nHash type=sha256 size=32\nCandidateCDHash sha256=a60cab94bfe8753a494184cc1e87d9f6c712de3b\nCandidateCDHashFull sha256=a60cab94bfe8753a494184cc1e87d9f6c712de3b48e95e948292d17d4949d5f9\nHash choices=sha256\nCMSDigest=a60cab94bfe8753a494184cc1e87d9f6c712de3b48e95e948292d17d4949d5f9\nCMSDigestType=2\nExecutable Segment base=0\nExecutable Segment limit=6979584\nExecutable Segment flags=0x1\nPage size=16384\nCDHash=a60cab94bfe8753a494184cc1e87d9f6c712de3b\nSignature=adhoc\nInfo.plist=not bound\nTeamIdentifier=not set\nSealed Resources=none\nInternal requirements count=0 size=12\nTotal signatures=1\nChosen signature=1\n",
      "minimum_macos": [
        15,
        0
      ]
    },
    "Contents/Resources/helper/veyra-helper-prototype": {
      "sha256": "98cf1e89d8e5acc7c8943da0af9bbe80fab1672e1676572e8dccd5676946c6c4",
      "signature": "Executable=/Users/lifeilin/wx_lifeilin/github.com/lifei6671/veyra/.worktrees/p0-08-update-distribution/target/p0-08-desktop/VeyraPrototype.app/Contents/Resources/helper/veyra-helper-prototype\nIdentifier=veyra-helper-prototype-55554944cc27cdbe27353d0aa38f1c005a3b5b13\nFormat=Mach-O thin (arm64)\nCodeDirectory v=20400 size=4664 flags=0x2(adhoc) hashes=139+2 location=embedded\nVersionPlatform=1\nVersionMin=983040\nVersionSDK=1769472\nHash type=sha256 size=32\nCandidateCDHash sha256=813f54ad98562830e3c19c1bf3b6a9e4f03bf9e5\nCandidateCDHashFull sha256=813f54ad98562830e3c19c1bf3b6a9e4f03bf9e5dd63079bee7df144370bb05b\nHash choices=sha256\nCMSDigest=813f54ad98562830e3c19c1bf3b6a9e4f03bf9e5dd63079bee7df144370bb05b\nCMSDigestType=2\nExecutable Segment base=0\nExecutable Segment limit=1228800\nExecutable Segment flags=0x1\nPage size=16384\nCDHash=813f54ad98562830e3c19c1bf3b6a9e4f03bf9e5\nSignature=adhoc\nInfo.plist=not bound\nTeamIdentifier=not set\nSealed Resources=none\nInternal requirements count=0 size=12\nTotal signatures=1\nChosen signature=1\n",
      "minimum_macos": [
        15,
        0
      ]
    },
    "Contents/Resources/helper/veyra-sing-box": {
      "sha256": "973388c3f720e918fc64dff7fd75dde14b31cc1aa6fc15855e2f00c5291dd4f4",
      "signature": "Executable=/Users/lifeilin/wx_lifeilin/github.com/lifei6671/veyra/.worktrees/p0-08-update-distribution/target/p0-08-desktop/VeyraPrototype.app/Contents/Resources/helper/veyra-sing-box\nIdentifier=a.out\nFormat=Mach-O thin (arm64)\nCodeDirectory v=20400 size=649086 flags=0x20002(adhoc,linker-signed) hashes=20281+0 location=embedded\nVersionPlatform=1\nVersionMin=1703936\nVersionSDK=1705216\nHash type=sha256 size=32\nCandidateCDHash sha256=39d3a290579cb47dd71eab0d2d86709f0dfd46cc\nCandidateCDHashFull sha256=39d3a290579cb47dd71eab0d2d86709f0dfd46cc0306e6c7cc695789f8be9761\nHash choices=sha256\nCMSDigest=39d3a290579cb47dd71eab0d2d86709f0dfd46cc0306e6c7cc695789f8be9761\nCMSDigestType=2\nExecutable Segment base=0\nExecutable Segment limit=70926336\nExecutable Segment flags=0x1\nPage size=4096\nCDHash=39d3a290579cb47dd71eab0d2d86709f0dfd46cc\nSignature=adhoc\nInfo.plist=not bound\nTeamIdentifier=not set\nSealed Resources=none\nInternal requirements=none\n",
      "minimum_macos": [
        26,
        0
      ]
    }
  },
  "kernel_version_output": "sing-box version 1.14.0\n\nEnvironment: go1.26.7 darwin/arm64\nTags: with_gvisor,with_quic,with_dhcp,with_wireguard,with_utls,with_acme,with_clash_api,with_tailscale,with_ccm,with_ocm,with_cloudflared,with_naive_outbound,with_usbip,with_openvpn,with_openconnect,badlinkname,tfogo_checklinkname0\nRevision: 0b8995879f29a9b98ee027bc17b75e101445b238\nCGO: enabled\n",
  "browser_quarantine_first_open": "NOT_RUN"
}
