veyra-core v0.1.0 (/Users/lifeilin/wx_lifeilin/github.com/lifei6671/veyra/crates/veyra-core)
├── sha2 v0.10.9
│   ├── cfg-if feature "default"
│   │   └── cfg-if v1.0.4
│   ├── cpufeatures feature "default"
│   │   └── cpufeatures v0.2.17
│   │       └── libc v0.2.189
│   └── digest feature "default"
│       ├── digest v0.10.7
│       │   ├── block-buffer feature "default"
│       │   │   └── block-buffer v0.10.4
│       │   │       └── generic-array feature "default"
│       │   │           └── generic-array v0.14.7
│       │   │               └── typenum feature "default"
│       │   │                   └── typenum v1.20.1
│       │   │               [build-dependencies]
│       │   │               └── version_check feature "default"
│       │   │                   └── version_check v0.9.5
│       │   └── crypto-common feature "default"
│       │       └── crypto-common v0.1.7
│       │           ├── generic-array feature "default" (*)
│       │           ├── generic-array feature "more_lengths"
│       │           │   └── generic-array v0.14.7 (*)
│       │           └── typenum feature "default" (*)
│       └── digest feature "core-api"
│           ├── digest v0.10.7 (*)
│           └── digest feature "block-buffer"
│               └── digest v0.10.7 (*)
├── futures-util feature "async-await"
│   └── futures-util v0.3.34
│       ├── futures-core v0.3.34
│       ├── futures-sink v0.3.34
│       ├── futures-task v0.3.34
│       ├── slab v0.4.12
│       └── pin-project-lite feature "default"
│           └── pin-project-lite v0.2.17
├── futures-util feature "sink"
│   ├── futures-util v0.3.34 (*)
│   └── futures-util feature "futures-sink"
│       └── futures-util v0.3.34 (*)
├── futures-util feature "std"
│   ├── futures-util v0.3.34 (*)
│   ├── futures-util feature "alloc"
│   │   ├── futures-util v0.3.34 (*)
│   │   ├── futures-util feature "slab"
│   │   │   └── futures-util v0.3.34 (*)
│   │   ├── futures-core feature "alloc"
│   │   │   └── futures-core v0.3.34
│   │   └── futures-task feature "alloc"
│   │       └── futures-task v0.3.34
│   ├── futures-util feature "slab" (*)
│   ├── futures-core feature "std"
│   │   ├── futures-core v0.3.34
│   │   └── futures-core feature "alloc" (*)
│   ├── futures-task feature "std"
│   │   ├── futures-task v0.3.34
│   │   └── futures-task feature "alloc" (*)
│   └── slab feature "std"
│       └── slab v0.4.12
├── getrandom feature "default"
│   └── getrandom v0.4.3
│       ├── libc v0.2.189
│       ├── cfg-if feature "default" (*)
│       └── rand_core feature "default"
│           └── rand_core v0.10.1
├── reqwest feature "json"
│   └── reqwest v0.12.28
│       ├── futures-core v0.3.34
│       ├── pin-project-lite feature "default" (*)
│       ├── base64 feature "default"
│       │   ├── base64 v0.22.1
│       │   └── base64 feature "std"
│       │       ├── base64 v0.22.1
│       │       └── base64 feature "alloc"
│       │           └── base64 v0.22.1
│       ├── bytes feature "default"
│       │   ├── bytes v1.12.1
│       │   └── bytes feature "std"
│       │       └── bytes v1.12.1
│       ├── http feature "default"
│       │   ├── http v1.5.0
│       │   │   ├── bytes feature "default" (*)
│       │   │   └── itoa feature "default"
│       │   │       └── itoa v1.0.18
│       │   └── http feature "std"
│       │       └── http v1.5.0 (*)
│       ├── http-body feature "default"
│       │   └── http-body v1.1.0
│       │       ├── bytes feature "default" (*)
│       │       └── http feature "default" (*)
│       ├── http-body-util feature "default"
│       │   └── http-body-util v0.1.5
│       │       ├── futures-core v0.3.34
│       │       ├── pin-project-lite feature "default" (*)
│       │       ├── bytes feature "default" (*)
│       │       ├── http feature "default" (*)
│       │       └── http-body feature "default" (*)
│       ├── hyper feature "client"
│       │   └── hyper v1.11.1
│       │       ├── futures-core feature "default"
│       │       │   ├── futures-core v0.3.34
│       │       │   └── futures-core feature "std" (*)
│       │       ├── pin-project-lite feature "default" (*)
│       │       ├── bytes feature "default" (*)
│       │       ├── http feature "default" (*)
│       │       ├── itoa feature "default" (*)
│       │       ├── http-body feature "default" (*)
│       │       ├── atomic-waker feature "default"
│       │       │   └── atomic-waker v1.1.2
│       │       ├── futures-channel feature "default"
│       │       │   ├── futures-channel v0.3.34
│       │       │   │   └── futures-core v0.3.34
│       │       │   └── futures-channel feature "std"
│       │       │       ├── futures-channel v0.3.34 (*)
│       │       │       ├── futures-core feature "std" (*)
│       │       │       └── futures-channel feature "alloc"
│       │       │           ├── futures-channel v0.3.34 (*)
│       │       │           └── futures-core feature "alloc" (*)
│       │       ├── httparse feature "default"
│       │       │   ├── httparse v1.10.1
│       │       │   └── httparse feature "std"
│       │       │       └── httparse v1.10.1
│       │       ├── smallvec feature "const_generics"
│       │       │   └── smallvec v1.16.0
│       │       ├── smallvec feature "const_new"
│       │       │   ├── smallvec v1.16.0
│       │       │   └── smallvec feature "const_generics" (*)
│       │       ├── smallvec feature "default"
│       │       │   └── smallvec v1.16.0
│       │       ├── tokio feature "default"
│       │       │   └── tokio v1.53.1
│       │       │       ├── mio v1.2.3
│       │       │       │   └── libc feature "default"
│       │       │       │       ├── libc v0.2.189
│       │       │       │       └── libc feature "std"
│       │       │       │           └── libc v0.2.189
│       │       │       ├── pin-project-lite feature "default" (*)
│       │       │       ├── libc feature "default" (*)
│       │       │       ├── bytes feature "default" (*)
│       │       │       ├── socket2 feature "all"
│       │       │       │   └── socket2 v0.6.5
│       │       │       │       └── libc feature "default" (*)
│       │       │       └── socket2 feature "default"
│       │       │           └── socket2 v0.6.5 (*)
│       │       ├── tokio feature "sync"
│       │       │   └── tokio v1.53.1 (*)
│       │       └── want feature "default"
│       │           └── want v0.3.1
│       │               └── try-lock feature "default"
│       │                   └── try-lock v0.2.5
│       ├── hyper feature "default"
│       │   └── hyper v1.11.1 (*)
│       ├── hyper feature "http1"
│       │   └── hyper v1.11.1 (*)
│       ├── tokio feature "net"
│       │   ├── tokio v1.53.1 (*)
│       │   ├── tokio feature "libc"
│       │   │   └── tokio v1.53.1 (*)
│       │   ├── tokio feature "mio"
│       │   │   └── tokio v1.53.1 (*)
│       │   ├── tokio feature "socket2"
│       │   │   └── tokio v1.53.1 (*)
│       │   ├── mio feature "net"
│       │   │   └── mio v1.2.3 (*)
│       │   ├── mio feature "os-ext"
│       │   │   ├── mio v1.2.3 (*)
│       │   │   └── mio feature "os-poll"
│       │   │       └── mio v1.2.3 (*)
│       │   └── mio feature "os-poll" (*)
│       ├── tokio feature "time"
│       │   └── tokio v1.53.1 (*)
│       ├── hyper-rustls feature "http1"
│       │   ├── hyper-rustls v0.27.9
│       │   │   ├── hyper v1.11.1 (*)
│       │   │   ├── rustls v0.23.43
│       │   │   │   ├── subtle v2.6.1
│       │   │   │   ├── once_cell feature "alloc"
│       │   │   │   │   ├── once_cell v1.21.4
│       │   │   │   │   └── once_cell feature "race"
│       │   │   │   │       └── once_cell v1.21.4
│       │   │   │   ├── once_cell feature "race" (*)
│       │   │   │   ├── ring feature "default"
│       │   │   │   │   ├── ring v0.17.14
│       │   │   │   │   │   ├── cfg-if v1.0.4
│       │   │   │   │   │   ├── libc v0.2.189
│       │   │   │   │   │   ├── getrandom feature "default"
│       │   │   │   │   │   │   └── getrandom v0.2.17
│       │   │   │   │   │   │       ├── libc v0.2.189
│       │   │   │   │   │   │       └── cfg-if feature "default" (*)
│       │   │   │   │   │   └── untrusted feature "default"
│       │   │   │   │   │       └── untrusted v0.9.0
│       │   │   │   │   │   [build-dependencies]
│       │   │   │   │   │   └── cc v1.4.4
│       │   │   │   │   │       ├── find-msvc-tools feature "default"
│       │   │   │   │   │       │   └── find-msvc-tools v0.1.11
│       │   │   │   │   │       └── shlex feature "default"
│       │   │   │   │   │           ├── shlex v2.0.1
│       │   │   │   │   │           └── shlex feature "std"
│       │   │   │   │   │               └── shlex v2.0.1
│       │   │   │   │   ├── ring feature "alloc"
│       │   │   │   │   │   └── ring v0.17.14 (*)
│       │   │   │   │   └── ring feature "dev_urandom_fallback"
│       │   │   │   │       └── ring v0.17.14 (*)
│       │   │   │   ├── rustls-pki-types feature "alloc"
│       │   │   │   │   └── rustls-pki-types v1.15.1
│       │   │   │   │       └── zeroize feature "default"
│       │   │   │   │           ├── zeroize v1.9.0
│       │   │   │   │           └── zeroize feature "alloc"
│       │   │   │   │               └── zeroize v1.9.0
│       │   │   │   ├── rustls-pki-types feature "default"
│       │   │   │   │   ├── rustls-pki-types v1.15.1 (*)
│       │   │   │   │   └── rustls-pki-types feature "alloc" (*)
│       │   │   │   ├── zeroize feature "default" (*)
│       │   │   │   └── rustls-webpki feature "alloc"
│       │   │   │       ├── rustls-webpki v0.103.15
│       │   │   │       │   ├── ring v0.17.14 (*)
│       │   │   │       │   ├── rustls-pki-types v1.15.1 (*)
│       │   │   │       │   └── untrusted feature "default" (*)
│       │   │   │       ├── ring feature "alloc" (*)
│       │   │   │       └── rustls-pki-types feature "alloc" (*)
│       │   │   ├── tokio-rustls v0.26.4
│       │   │   │   ├── tokio feature "default" (*)
│       │   │   │   └── rustls feature "std"
│       │   │   │       ├── rustls v0.23.43 (*)
│       │   │   │       ├── once_cell feature "std"
│       │   │   │       │   ├── once_cell v1.21.4
│       │   │   │       │   └── once_cell feature "alloc" (*)
│       │   │   │       ├── rustls-pki-types feature "std"
│       │   │   │       │   ├── rustls-pki-types v1.15.1 (*)
│       │   │   │       │   └── rustls-pki-types feature "alloc" (*)
│       │   │   │       └── rustls-webpki feature "std"
│       │   │   │           ├── rustls-webpki v0.103.15 (*)
│       │   │   │           ├── rustls-pki-types feature "std" (*)
│       │   │   │           └── rustls-webpki feature "alloc" (*)
│       │   │   ├── http feature "default" (*)
│       │   │   ├── tokio feature "default" (*)
│       │   │   ├── hyper-util feature "client-legacy"
│       │   │   │   ├── hyper-util v0.1.20
│       │   │   │   │   ├── futures-util v0.3.34 (*)
│       │   │   │   │   ├── tokio v1.53.1 (*)
│       │   │   │   │   ├── pin-project-lite feature "default" (*)
│       │   │   │   │   ├── libc feature "default" (*)
│       │   │   │   │   ├── base64 feature "default" (*)
│       │   │   │   │   ├── bytes feature "default" (*)
│       │   │   │   │   ├── http feature "default" (*)
│       │   │   │   │   ├── http-body feature "default" (*)
│       │   │   │   │   ├── hyper feature "default" (*)
│       │   │   │   │   ├── futures-channel feature "default" (*)
│       │   │   │   │   ├── socket2 feature "all" (*)
│       │   │   │   │   ├── socket2 feature "default" (*)
│       │   │   │   │   ├── ipnet feature "default"
│       │   │   │   │   │   ├── ipnet v2.12.1
│       │   │   │   │   │   └── ipnet feature "std"
│       │   │   │   │   │       └── ipnet v2.12.1
│       │   │   │   │   ├── percent-encoding feature "default"
│       │   │   │   │   │   ├── percent-encoding v2.3.2
│       │   │   │   │   │   └── percent-encoding feature "std"
│       │   │   │   │   │       ├── percent-encoding v2.3.2
│       │   │   │   │   │       └── percent-encoding feature "alloc"
│       │   │   │   │   │           └── percent-encoding v2.3.2
│       │   │   │   │   ├── tower-service feature "default"
│       │   │   │   │   │   └── tower-service v0.3.3
│       │   │   │   │   └── tracing feature "std"
│       │   │   │   │       ├── tracing v0.1.44
│       │   │   │   │       │   ├── tracing-core v0.1.36
│       │   │   │   │       │   │   └── once_cell feature "default"
│       │   │   │   │       │   │       ├── once_cell v1.21.4
│       │   │   │   │       │   │       └── once_cell feature "std" (*)
│       │   │   │   │       │   ├── pin-project-lite feature "default" (*)
│       │   │   │   │       │   └── tracing-attributes feature "default"
│       │   │   │   │       │       └── tracing-attributes v0.1.31 (proc-macro)
│       │   │   │   │       │           ├── proc-macro2 feature "default"
│       │   │   │   │       │           │   ├── proc-macro2 v1.0.107
│       │   │   │   │       │           │   │   └── unicode-ident feature "default"
│       │   │   │   │       │           │   │       └── unicode-ident v1.0.24
│       │   │   │   │       │           │   └── proc-macro2 feature "proc-macro"
│       │   │   │   │       │           │       └── proc-macro2 v1.0.107 (*)
│       │   │   │   │       │           ├── quote feature "default"
│       │   │   │   │       │           │   ├── quote v1.0.47
│       │   │   │   │       │           │   │   └── proc-macro2 v1.0.107 (*)
│       │   │   │   │       │           │   └── quote feature "proc-macro"
│       │   │   │   │       │           │       ├── quote v1.0.47 (*)
│       │   │   │   │       │           │       └── proc-macro2 feature "proc-macro" (*)
│       │   │   │   │       │           ├── syn feature "clone-impls"
│       │   │   │   │       │           │   └── syn v2.0.119
│       │   │   │   │       │           │       ├── proc-macro2 v1.0.107 (*)
│       │   │   │   │       │           │       ├── quote v1.0.47 (*)
│       │   │   │   │       │           │       └── unicode-ident feature "default" (*)
│       │   │   │   │       │           ├── syn feature "extra-traits"
│       │   │   │   │       │           │   └── syn v2.0.119 (*)
│       │   │   │   │       │           ├── syn feature "full"
│       │   │   │   │       │           │   └── syn v2.0.119 (*)
│       │   │   │   │       │           ├── syn feature "parsing"
│       │   │   │   │       │           │   └── syn v2.0.119 (*)
│       │   │   │   │       │           ├── syn feature "printing"
│       │   │   │   │       │           │   └── syn v2.0.119 (*)
│       │   │   │   │       │           ├── syn feature "proc-macro"
│       │   │   │   │       │           │   ├── syn v2.0.119 (*)
│       │   │   │   │       │           │   ├── proc-macro2 feature "proc-macro" (*)
│       │   │   │   │       │           │   └── quote feature "proc-macro" (*)
│       │   │   │   │       │           └── syn feature "visit-mut"
│       │   │   │   │       │               └── syn v2.0.119 (*)
│       │   │   │   │       └── tracing-core feature "std"
│       │   │   │   │           ├── tracing-core v0.1.36 (*)
│       │   │   │   │           └── tracing-core feature "once_cell"
│       │   │   │   │               └── tracing-core v0.1.36 (*)
│       │   │   │   ├── tokio feature "sync" (*)
│       │   │   │   ├── hyper-util feature "client"
│       │   │   │   │   ├── hyper-util v0.1.20 (*)
│       │   │   │   │   ├── hyper feature "client" (*)
│       │   │   │   │   ├── tokio feature "net" (*)
│       │   │   │   │   └── hyper-util feature "tokio"
│       │   │   │   │       ├── hyper-util v0.1.20 (*)
│       │   │   │   │       ├── tokio feature "rt"
│       │   │   │   │       │   └── tokio v1.53.1 (*)
│       │   │   │   │       ├── tokio feature "time" (*)
│       │   │   │   │       └── hyper-util feature "tokio" (*)
│       │   │   │   └── hyper-util feature "tokio" (*)
│       │   │   ├── hyper-util feature "tokio" (*)
│       │   │   ├── tower-service feature "default" (*)
│       │   │   └── webpki-roots feature "default"
│       │   │       └── webpki-roots v1.0.9
│       │   │           └── rustls-pki-types v1.15.1 (*)
│       │   └── hyper-util feature "http1"
│       │       ├── hyper-util v0.1.20 (*)
│       │       └── hyper feature "http1" (*)
│       ├── hyper-rustls feature "tls12"
│       │   ├── hyper-rustls v0.27.9 (*)
│       │   ├── rustls feature "tls12"
│       │   │   └── rustls v0.23.43 (*)
│       │   └── tokio-rustls feature "tls12"
│       │       ├── tokio-rustls v0.26.4 (*)
│       │       └── rustls feature "tls12" (*)
│       ├── hyper-util feature "client" (*)
│       ├── hyper-util feature "client-legacy" (*)
│       ├── hyper-util feature "client-proxy"
│       │   ├── hyper-util v0.1.20 (*)
│       │   └── hyper-util feature "client" (*)
│       ├── hyper-util feature "default"
│       │   └── hyper-util v0.1.20 (*)
│       ├── hyper-util feature "http1" (*)
│       ├── hyper-util feature "tokio" (*)
│       ├── percent-encoding feature "default" (*)
│       ├── tower-service feature "default" (*)
│       ├── rustls feature "std" (*)
│       ├── rustls feature "tls12" (*)
│       ├── rustls-pki-types feature "default" (*)
│       ├── rustls-pki-types feature "std" (*)
│       ├── tokio-rustls feature "tls12" (*)
│       ├── webpki-roots feature "default" (*)
│       ├── log feature "default"
│       │   └── log v0.4.34
│       ├── serde feature "default"
│       │   ├── serde v1.0.229
│       │   │   ├── serde_core feature "result"
│       │   │   │   └── serde_core v1.0.229
│       │   │   └── serde_derive feature "default"
│       │   │       └── serde_derive v1.0.229 (proc-macro)
│       │   │           ├── proc-macro2 feature "proc-macro" (*)
│       │   │           ├── quote feature "proc-macro" (*)
│       │   │           ├── syn feature "clone-impls"
│       │   │           │   └── syn v3.0.4
│       │   │           │       ├── proc-macro2 v1.0.107 (*)
│       │   │           │       ├── quote v1.0.47 (*)
│       │   │           │       └── unicode-ident feature "default" (*)
│       │   │           ├── syn feature "derive"
│       │   │           │   └── syn v3.0.4 (*)
│       │   │           ├── syn feature "parsing"
│       │   │           │   └── syn v3.0.4 (*)
│       │   │           ├── syn feature "printing"
│       │   │           │   └── syn v3.0.4 (*)
│       │   │           └── syn feature "proc-macro"
│       │   │               ├── syn v3.0.4 (*)
│       │   │               ├── proc-macro2 feature "proc-macro" (*)
│       │   │               └── quote feature "proc-macro" (*)
│       │   └── serde feature "std"
│       │       ├── serde v1.0.229 (*)
│       │       └── serde_core feature "std"
│       │           └── serde_core v1.0.229
│       ├── serde_json feature "default"
│       │   ├── serde_json v1.0.151
│       │   │   ├── memchr v2.8.3
│       │   │   ├── serde_core v1.0.229
│       │   │   ├── itoa feature "default" (*)
│       │   │   └── zmij feature "default"
│       │   │       └── zmij v1.0.23
│       │   └── serde_json feature "std"
│       │       ├── serde_json v1.0.151 (*)
│       │       ├── serde_core feature "std" (*)
│       │       └── memchr feature "std"
│       │           ├── memchr v2.8.3
│       │           └── memchr feature "alloc"
│       │               └── memchr v2.8.3
│       ├── serde_urlencoded feature "default"
│       │   └── serde_urlencoded v0.7.1
│       │       ├── itoa feature "default" (*)
│       │       ├── serde feature "default" (*)
│       │       ├── form_urlencoded feature "default"
│       │       │   ├── form_urlencoded v1.2.2
│       │       │   │   └── percent-encoding v2.3.2
│       │       │   └── form_urlencoded feature "std"
│       │       │       ├── form_urlencoded v1.2.2 (*)
│       │       │       ├── percent-encoding feature "std" (*)
│       │       │       └── form_urlencoded feature "alloc"
│       │       │           ├── form_urlencoded v1.2.2 (*)
│       │       │           └── percent-encoding feature "alloc" (*)
│       │       └── ryu feature "default"
│       │           └── ryu v1.0.23
│       ├── sync_wrapper feature "default"
│       │   └── sync_wrapper v1.0.2
│       │       └── futures-core v0.3.34
│       ├── sync_wrapper feature "futures"
│       │   ├── sync_wrapper v1.0.2 (*)
│       │   └── sync_wrapper feature "futures-core"
│       │       └── sync_wrapper v1.0.2 (*)
│       ├── tower feature "retry"
│       │   ├── tower v0.5.3
│       │   │   ├── futures-util feature "alloc" (*)
│       │   │   ├── futures-core feature "default" (*)
│       │   │   ├── pin-project-lite feature "default" (*)
│       │   │   ├── tokio feature "default" (*)
│       │   │   ├── tower-service feature "default" (*)
│       │   │   ├── sync_wrapper feature "default" (*)
│       │   │   └── tower-layer feature "default"
│       │   │       └── tower-layer v0.3.3
│       │   ├── tokio feature "time" (*)
│       │   ├── tower feature "tokio"
│       │   │   └── tower v0.5.3 (*)
│       │   └── tower feature "util"
│       │       ├── tower v0.5.3 (*)
│       │       ├── tower feature "futures-core"
│       │       │   └── tower v0.5.3 (*)
│       │       ├── tower feature "futures-util"
│       │       │   └── tower v0.5.3 (*)
│       │       ├── tower feature "pin-project-lite"
│       │       │   └── tower v0.5.3 (*)
│       │       └── tower feature "sync_wrapper"
│       │           └── tower v0.5.3 (*)
│       ├── tower feature "timeout"
│       │   ├── tower v0.5.3 (*)
│       │   ├── tokio feature "time" (*)
│       │   ├── tower feature "pin-project-lite" (*)
│       │   └── tower feature "tokio" (*)
│       ├── tower feature "util" (*)
│       ├── tower-http feature "follow-redirect"
│       │   ├── tower-http v0.6.11
│       │   │   ├── futures-util v0.3.34 (*)
│       │   │   ├── pin-project-lite feature "default" (*)
│       │   │   ├── bytes feature "default" (*)
│       │   │   ├── http feature "default" (*)
│       │   │   ├── http-body feature "default" (*)
│       │   │   ├── tower-service feature "default" (*)
│       │   │   ├── tower feature "default"
│       │   │   │   └── tower v0.5.3 (*)
│       │   │   ├── tower-layer feature "default" (*)
│       │   │   ├── bitflags feature "default"
│       │   │   │   └── bitflags v2.13.1
│       │   │   └── url feature "default"
│       │   │       ├── url v2.5.8
│       │   │       │   ├── percent-encoding feature "alloc" (*)
│       │   │       │   ├── form_urlencoded feature "alloc" (*)
│       │   │       │   ├── idna feature "alloc"
│       │   │       │   │   └── idna v1.1.0
│       │   │       │   │       ├── smallvec feature "const_generics" (*)
│       │   │       │   │       ├── smallvec feature "default" (*)
│       │   │       │   │       ├── idna_adapter feature "default"
│       │   │       │   │       │   └── idna_adapter v1.2.2
│       │   │       │   │       │       ├── icu_normalizer v2.3.0
│       │   │       │   │       │       │   ├── icu_collections v2.3.0
│       │   │       │   │       │       │   │   ├── displaydoc v0.2.7 (proc-macro)
│       │   │       │   │       │       │   │   │   ├── proc-macro2 feature "default" (*)
│       │   │       │   │       │       │   │   │   ├── quote feature "default" (*)
│       │   │       │   │       │       │   │   │   └── syn feature "default"
│       │   │       │   │       │       │   │   │       ├── syn v3.0.4 (*)
│       │   │       │   │       │       │   │   │       ├── syn feature "clone-impls" (*)
│       │   │       │   │       │       │   │   │       ├── syn feature "derive" (*)
│       │   │       │   │       │       │   │   │       ├── syn feature "parsing" (*)
│       │   │       │   │       │       │   │   │       ├── syn feature "printing" (*)
│       │   │       │   │       │       │   │   │       └── syn feature "proc-macro" (*)
│       │   │       │   │       │       │   │   ├── utf8_iter v1.0.4
│       │   │       │   │       │       │   │   ├── potential_utf feature "zerovec"
│       │   │       │   │       │       │   │   │   └── potential_utf v0.1.6
│       │   │       │   │       │       │   │   │       └── zerovec v0.11.8
│       │   │       │   │       │       │   │   │           ├── yoke v0.8.3
│       │   │       │   │       │       │   │   │           │   ├── stable_deref_trait v1.2.1
│       │   │       │   │       │       │   │   │           │   ├── yoke-derive v0.8.2 (proc-macro)
│       │   │       │   │       │       │   │   │           │   │   ├── proc-macro2 feature "default" (*)
│       │   │       │   │       │       │   │   │           │   │   ├── quote feature "default" (*)
│       │   │       │   │       │       │   │   │           │   │   ├── syn feature "default"
│       │   │       │   │       │       │   │   │           │   │   │   ├── syn v2.0.119 (*)
│       │   │       │   │       │       │   │   │           │   │   │   ├── syn feature "clone-impls" (*)
│       │   │       │   │       │       │   │   │           │   │   │   ├── syn feature "derive"
│       │   │       │   │       │       │   │   │           │   │   │   │   └── syn v2.0.119 (*)
│       │   │       │   │       │       │   │   │           │   │   │   ├── syn feature "parsing" (*)
│       │   │       │   │       │       │   │   │           │   │   │   ├── syn feature "printing" (*)
│       │   │       │   │       │       │   │   │           │   │   │   └── syn feature "proc-macro" (*)
│       │   │       │   │       │       │   │   │           │   │   ├── syn feature "fold"
│       │   │       │   │       │       │   │   │           │   │   │   └── syn v2.0.119 (*)
│       │   │       │   │       │       │   │   │           │   │   └── synstructure feature "default"
│       │   │       │   │       │       │   │   │           │   │       ├── synstructure v0.13.2
│       │   │       │   │       │       │   │   │           │   │       │   ├── proc-macro2 v1.0.107 (*)
│       │   │       │   │       │       │   │   │           │   │       │   ├── quote v1.0.47 (*)
│       │   │       │   │       │       │   │   │           │   │       │   ├── syn feature "clone-impls" (*)
│       │   │       │   │       │       │   │   │           │   │       │   ├── syn feature "derive" (*)
│       │   │       │   │       │       │   │   │           │   │       │   ├── syn feature "extra-traits" (*)
│       │   │       │   │       │       │   │   │           │   │       │   ├── syn feature "parsing" (*)
│       │   │       │   │       │       │   │   │           │   │       │   ├── syn feature "printing" (*)
│       │   │       │   │       │       │   │   │           │   │       │   └── syn feature "visit"
│       │   │       │   │       │       │   │   │           │   │       │       └── syn v2.0.119 (*)
│       │   │       │   │       │       │   │   │           │   │       └── synstructure feature "proc-macro"
│       │   │       │   │       │       │   │   │           │   │           ├── synstructure v0.13.2 (*)
│       │   │       │   │       │       │   │   │           │   │           ├── proc-macro2 feature "proc-macro" (*)
│       │   │       │   │       │       │   │   │           │   │           ├── quote feature "proc-macro" (*)
│       │   │       │   │       │       │   │   │           │   │           └── syn feature "proc-macro" (*)
│       │   │       │   │       │       │   │   │           │   └── zerofrom v0.1.8
│       │   │       │   │       │       │   │   │           │       └── zerofrom-derive v0.1.7 (proc-macro)
│       │   │       │   │       │       │   │   │           │           ├── proc-macro2 feature "default" (*)
│       │   │       │   │       │       │   │   │           │           ├── quote feature "default" (*)
│       │   │       │   │       │       │   │   │           │           ├── syn feature "default" (*)
│       │   │       │   │       │       │   │   │           │           ├── syn feature "fold" (*)
│       │   │       │   │       │       │   │   │           │           └── synstructure feature "default" (*)
│       │   │       │   │       │       │   │   │           ├── zerofrom v0.1.8 (*)
│       │   │       │   │       │       │   │   │           └── zerovec-derive v0.11.6 (proc-macro)
│       │   │       │   │       │       │   │   │               ├── proc-macro2 feature "default" (*)
│       │   │       │   │       │       │   │   │               ├── quote feature "default" (*)
│       │   │       │   │       │       │   │   │               ├── syn feature "default" (*)
│       │   │       │   │       │       │   │   │               └── syn feature "extra-traits"
│       │   │       │   │       │       │   │   │                   └── syn v3.0.4 (*)
│       │   │       │   │       │       │   │   ├── zerovec feature "derive"
│       │   │       │   │       │       │   │   │   └── zerovec v0.11.8 (*)
│       │   │       │   │       │       │   │   ├── zerovec feature "yoke"
│       │   │       │   │       │       │   │   │   └── zerovec v0.11.8 (*)
│       │   │       │   │       │       │   │   ├── yoke feature "derive"
│       │   │       │   │       │       │   │   │   ├── yoke v0.8.3 (*)
│       │   │       │   │       │       │   │   │   ├── yoke feature "zerofrom"
│       │   │       │   │       │       │   │   │   │   └── yoke v0.8.3 (*)
│       │   │       │   │       │       │   │   │   └── zerofrom feature "derive"
│       │   │       │   │       │       │   │   │       └── zerofrom v0.1.8 (*)
│       │   │       │   │       │       │   │   └── zerofrom feature "derive" (*)
│       │   │       │   │       │       │   ├── icu_normalizer_data v2.3.0
│       │   │       │   │       │       │   ├── icu_provider v2.3.1
│       │   │       │   │       │       │   │   ├── displaydoc v0.2.7 (proc-macro) (*)
│       │   │       │   │       │       │   │   ├── icu_locale_core v2.3.0
│       │   │       │   │       │       │   │   │   ├── displaydoc v0.2.7 (proc-macro) (*)
│       │   │       │   │       │       │   │   │   ├── litemap v0.8.3
│       │   │       │   │       │       │   │   │   ├── tinystr v0.8.4
│       │   │       │   │       │       │   │   │   │   ├── displaydoc v0.2.7 (proc-macro) (*)
│       │   │       │   │       │       │   │   │   │   └── zerovec v0.11.8 (*)
│       │   │       │   │       │       │   │   │   ├── writeable v0.6.4
│       │   │       │   │       │       │   │   │   └── zerovec v0.11.8 (*)
│       │   │       │   │       │       │   │   ├── writeable v0.6.4
│       │   │       │   │       │       │   │   ├── zerotrie v0.2.5
│       │   │       │   │       │       │   │   │   ├── displaydoc v0.2.7 (proc-macro) (*)
│       │   │       │   │       │       │   │   │   ├── zerofrom v0.1.8 (*)
│       │   │       │   │       │       │   │   │   └── yoke feature "derive" (*)
│       │   │       │   │       │       │   │   ├── zerovec feature "derive" (*)
│       │   │       │   │       │       │   │   ├── yoke feature "derive" (*)
│       │   │       │   │       │       │   │   └── zerofrom feature "derive" (*)
│       │   │       │   │       │       │   ├── smallvec v1.16.0
│       │   │       │   │       │       │   └── zerovec v0.11.8 (*)
│       │   │       │   │       │       └── icu_properties v2.3.0
│       │   │       │   │       │           ├── displaydoc v0.2.7 (proc-macro) (*)
│       │   │       │   │       │           ├── icu_collections v2.3.0 (*)
│       │   │       │   │       │           ├── icu_properties_data v2.3.0
│       │   │       │   │       │           ├── icu_provider v2.3.1 (*)
│       │   │       │   │       │           ├── zerovec feature "derive" (*)
│       │   │       │   │       │           ├── zerovec feature "yoke" (*)
│       │   │       │   │       │           ├── icu_locale_core feature "zerovec"
│       │   │       │   │       │           │   ├── icu_locale_core v2.3.0 (*)
│       │   │       │   │       │           │   └── tinystr feature "zerovec"
│       │   │       │   │       │           │       └── tinystr v0.8.4 (*)
│       │   │       │   │       │           ├── zerotrie feature "yoke"
│       │   │       │   │       │           │   └── zerotrie v0.2.5 (*)
│       │   │       │   │       │           └── zerotrie feature "zerofrom"
│       │   │       │   │       │               └── zerotrie v0.2.5 (*)
│       │   │       │   │       └── utf8_iter feature "default"
│       │   │       │   │           └── utf8_iter v1.0.4
│       │   │       │   └── idna feature "compiled_data"
│       │   │       │       ├── idna v1.1.0 (*)
│       │   │       │       └── idna_adapter feature "compiled_data"
│       │   │       │           ├── idna_adapter v1.2.2 (*)
│       │   │       │           ├── icu_normalizer feature "compiled_data"
│       │   │       │           │   ├── icu_normalizer v2.3.0 (*)
│       │   │       │           │   └── icu_provider feature "baked"
│       │   │       │           │       └── icu_provider v2.3.1 (*)
│       │   │       │           └── icu_properties feature "compiled_data"
│       │   │       │               ├── icu_properties v2.3.0 (*)
│       │   │       │               └── icu_provider feature "baked" (*)
│       │   │       └── url feature "std"
│       │   │           ├── url v2.5.8 (*)
│       │   │           ├── percent-encoding feature "std" (*)
│       │   │           ├── form_urlencoded feature "std" (*)
│       │   │           └── idna feature "std"
│       │   │               ├── idna v1.1.0 (*)
│       │   │               └── idna feature "alloc" (*)
│       │   ├── tower feature "util" (*)
│       │   ├── tower-http feature "futures-util"
│       │   │   └── tower-http v0.6.11 (*)
│       │   └── tower-http feature "tower"
│       │       └── tower-http v0.6.11 (*)
│       └── url feature "default" (*)
├── reqwest feature "rustls-tls"
│   ├── reqwest v0.12.28 (*)
│   └── reqwest feature "rustls-tls-webpki-roots"
│       ├── reqwest v0.12.28 (*)
│       ├── reqwest feature "__rustls-ring"
│       │   ├── reqwest v0.12.28 (*)
│       │   ├── hyper-rustls feature "ring"
│       │   │   ├── hyper-rustls v0.27.9 (*)
│       │   │   └── rustls feature "ring"
│       │   │       ├── rustls v0.23.43 (*)
│       │   │       └── rustls-webpki feature "ring"
│       │   │           └── rustls-webpki v0.103.15 (*)
│       │   ├── rustls feature "ring" (*)
│       │   └── tokio-rustls feature "ring"
│       │       ├── tokio-rustls v0.26.4 (*)
│       │       └── rustls feature "ring" (*)
│       └── reqwest feature "rustls-tls-webpki-roots-no-provider"
│           ├── reqwest v0.12.28 (*)
│           ├── reqwest feature "__rustls"
│           │   ├── reqwest v0.12.28 (*)
│           │   └── reqwest feature "__tls"
│           │       ├── reqwest v0.12.28 (*)
│           │       └── tokio feature "io-util"
│           │           ├── tokio v1.53.1 (*)
│           │           └── tokio feature "bytes"
│           │               └── tokio v1.53.1 (*)
│           └── hyper-rustls feature "webpki-tokio"
│               ├── hyper-rustls v0.27.9 (*)
│               └── hyper-rustls feature "webpki-roots"
│                   └── hyper-rustls v0.27.9 (*)
├── tokio feature "default" (*)
├── tokio feature "rt-multi-thread"
│   ├── tokio v1.53.1 (*)
│   └── tokio feature "rt" (*)
├── tokio feature "sync" (*)
├── tokio feature "time" (*)
├── tracing feature "default"
│   ├── tracing v0.1.44 (*)
│   ├── tracing feature "attributes"
│   │   ├── tracing v0.1.44 (*)
│   │   └── tracing feature "tracing-attributes"
│   │       └── tracing v0.1.44 (*)
│   └── tracing feature "std" (*)
├── serde feature "default" (*)
├── serde feature "derive"
│   ├── serde v1.0.229 (*)
│   └── serde feature "serde_derive"
│       └── serde v1.0.229 (*)
├── serde_json feature "default" (*)
├── serde_yaml_ng feature "default"
│   └── serde_yaml_ng v0.10.0
│       ├── itoa feature "default" (*)
│       ├── serde feature "default" (*)
│       ├── ryu feature "default" (*)
│       ├── indexmap feature "default"
│       │   ├── indexmap v2.14.1
│       │   │   ├── equivalent v1.0.2
│       │   │   └── hashbrown v0.17.1
│       │   └── indexmap feature "std"
│       │       └── indexmap v2.14.1 (*)
│       └── unsafe-libyaml feature "default"
│           └── unsafe-libyaml v0.2.11
├── thiserror feature "default"
│   ├── thiserror v2.0.20
│   │   └── thiserror-impl feature "default"
│   │       └── thiserror-impl v2.0.20 (proc-macro)
│   │           ├── proc-macro2 feature "default" (*)
│   │           ├── quote feature "default" (*)
│   │           └── syn feature "default" (*)
│   └── thiserror feature "std"
│       └── thiserror v2.0.20 (*)
└── tokio-tungstenite feature "connect"
    ├── tokio-tungstenite v0.30.0
    │   ├── tungstenite v0.30.0
    │   │   ├── bytes feature "default" (*)
    │   │   ├── http feature "default" (*)
    │   │   ├── httparse feature "default" (*)
    │   │   ├── log feature "default" (*)
    │   │   ├── thiserror feature "default" (*)
    │   │   ├── data-encoding feature "default"
    │   │   │   ├── data-encoding v2.11.1
    │   │   │   └── data-encoding feature "std"
    │   │   │       ├── data-encoding v2.11.1
    │   │   │       └── data-encoding feature "alloc"
    │   │   │           └── data-encoding v2.11.1
    │   │   ├── rand feature "default"
    │   │   │   ├── rand v0.10.2
    │   │   │   │   ├── rand_core v0.10.1
    │   │   │   │   ├── getrandom feature "default" (*)
    │   │   │   │   └── chacha20 feature "rng"
    │   │   │   │       └── chacha20 v0.10.2
    │   │   │   │           ├── rand_core v0.10.1
    │   │   │   │           └── cfg-if feature "default" (*)
    │   │   │   ├── rand feature "std"
    │   │   │   │   ├── rand v0.10.2 (*)
    │   │   │   │   ├── getrandom feature "std"
    │   │   │   │   │   └── getrandom v0.4.3 (*)
    │   │   │   │   └── rand feature "alloc"
    │   │   │   │       └── rand v0.10.2 (*)
    │   │   │   ├── rand feature "std_rng"
    │   │   │   │   └── rand v0.10.2 (*)
    │   │   │   ├── rand feature "sys_rng"
    │   │   │   │   ├── rand v0.10.2 (*)
    │   │   │   │   ├── getrandom feature "sys_rng"
    │   │   │   │   │   └── getrandom v0.4.3 (*)
    │   │   │   │   └── rand feature "getrandom"
    │   │   │   │       └── rand v0.10.2 (*)
    │   │   │   └── rand feature "thread_rng"
    │   │   │       ├── rand v0.10.2 (*)
    │   │   │       ├── rand feature "std" (*)
    │   │   │       ├── rand feature "std_rng" (*)
    │   │   │       └── rand feature "sys_rng" (*)
    │   │   └── sha1 feature "default"
    │   │       ├── sha1 v0.11.0
    │   │       │   ├── cfg-if feature "default" (*)
    │   │       │   ├── cpufeatures feature "default"
    │   │       │   │   └── cpufeatures v0.3.1
    │   │       │   │       └── libc v0.2.189
    │   │       │   └── digest feature "default"
    │   │       │       ├── digest v0.11.3
    │   │       │       │   ├── block-buffer feature "default"
    │   │       │       │   │   └── block-buffer v0.12.1
    │   │       │       │   │       └── hybrid-array feature "default"
    │   │       │       │   │           └── hybrid-array v0.4.14
    │   │       │       │   │               ├── typenum feature "const-generics"
    │   │       │       │   │               │   └── typenum v1.20.1
    │   │       │       │   │               └── typenum feature "default" (*)
    │   │       │       │   ├── const-oid feature "default"
    │   │       │       │   │   └── const-oid v0.10.2
    │   │       │       │   └── crypto-common feature "default"
    │   │       │       │       └── crypto-common v0.2.2
    │   │       │       │           └── hybrid-array feature "default" (*)
    │   │       │       └── digest feature "block-api"
    │   │       │           └── digest v0.11.3 (*)
    │   │       ├── sha1 feature "alloc"
    │   │       │   ├── sha1 v0.11.0 (*)
    │   │       │   └── digest feature "alloc"
    │   │       │       └── digest v0.11.3 (*)
    │   │       └── sha1 feature "oid"
    │   │           ├── sha1 v0.11.0 (*)
    │   │           └── digest feature "oid"
    │   │               └── digest v0.11.3 (*)
    │   ├── futures-util feature "sink" (*)
    │   ├── futures-util feature "std" (*)
    │   ├── tokio feature "io-util" (*)
    │   └── log feature "default" (*)
    ├── tokio feature "net" (*)
    ├── tokio-tungstenite feature "handshake"
    │   ├── tokio-tungstenite v0.30.0 (*)
    │   └── tungstenite feature "handshake"
    │       ├── tungstenite v0.30.0 (*)
    │       ├── tungstenite feature "data-encoding"
    │       │   └── tungstenite v0.30.0 (*)
    │       ├── tungstenite feature "http"
    │       │   └── tungstenite v0.30.0 (*)
    │       ├── tungstenite feature "httparse"
    │       │   └── tungstenite v0.30.0 (*)
    │       └── tungstenite feature "sha1"
    │           └── tungstenite v0.30.0 (*)
    └── tokio-tungstenite feature "stream"
        └── tokio-tungstenite v0.30.0 (*)
