   Compiling objc2-exception-helper v0.1.1
    Checking tokio-rustls v0.26.4
    Checking hyper-rustls v0.27.9
    Checking reqwest v0.12.28
   Compiling objc2 v0.6.4
    Checking veyra-core v0.1.0 (<repo>/crates/veyra-core)
    Checking objc2-core-foundation v0.3.2
    Checking block2 v0.6.2
    Checking dispatch2 v0.3.1
    Checking objc2-foundation v0.3.2
    Checking objc2-core-video v0.3.2
    Checking objc2-core-graphics v0.3.2
    Checking objc2-core-text v0.3.2
    Checking gpui-pre v0.3.7
    Checking objc2-core-media v0.3.2
    Checking gpui-pre-apple v0.3.7
    Checking gpui-kit-assets v0.7.0
    Checking objc2-core-image v0.3.2
    Checking objc2-cloud-kit v0.3.2
    Checking objc2-quartz-core v0.3.2
    Checking objc2-core-data v0.3.2
    Checking objc2-core-location v0.3.2
    Checking objc2-screen-capture-kit v0.3.2
    Checking objc2-user-notifications v0.3.2
    Checking objc2-app-kit v0.3.2
    Checking objc2-web-kit v0.3.2
    Checking muda v0.19.3
    Checking tao v0.35.3
    Checking gpui-pre-macos v0.3.7
    Checking gpui-base v0.7.0
    Checking window-vibrancy v0.6.0
    Checking tray-icon v0.24.2
    Checking wry v0.55.1
    Checking tauri-runtime v2.11.3
    Checking tauri-runtime-wry v2.11.4
    Checking gpui-pre-platform v0.3.7
    Checking tauri v2.11.5
    Checking gpui-component v0.7.0
    Checking veyra v0.1.0 (<repo>/src-tauri)
    Checking gpui-kit v0.7.0
    Checking veyra-desktop v0.1.0 (<repo>/crates/veyra-desktop)
    Checking veyra-gpui-prototype v0.1.0 (<repo>/crates/veyra-gpui-prototype)
    Finished `dev` profile [unoptimized + debuginfo] target(s) in 19.63s
warning: the following packages contain code that will be rejected by a future version of Rust: block v0.1.6
note: to see what the problems were, use the option `--future-incompat-report`, or run `cargo report future-incompatibilities --id 1`
